[bigon-6.myshopify.com/index.html]
[bigon-6.myshopify.com/cdn/shop/t/6/assets/plugins7d16.js]
[bigon-6.myshopify.com/cdn/shop/t/6/assets/theme.plugins056d.js]
[bigon-6.myshopify.com/cdn/shop/t/6/assets/bootstrap.min3b0d.js]
[bigon-6.myshopify.com/cdn/shop/t/6/assets/owl.carousel.min753d.js]
[bigon-6.myshopify.com/cdn/shop/t/6/assets/lazysizes.min41a3.js]
[bigon-6.myshopify.com/cdn/shop/t/6/assets/tippy.min736c.js]
[bigon-6.myshopify.com/cdn/shop/t/6/assets/slick.min60f5.js]
[cdn.shopify.com/s/javascripts/currencies.js]
[bigon-6.myshopify.com/cdn/shop/t/6/assets/jquery.currencies.min2528.js]
[bigon-6.myshopify.com/cdn/shop/t/6/assets/theme.min43d2.js]
[bigon-6.myshopify.com/cdn/fonts/work_sans/worksans_n4.29e3afeb38a0ba35e784cf169a40e8beaf814daa541d.woff2]
[bigon-6.myshopify.com/cdn/shop/t/6/assets/pluginsf037.css]
[bigon-6.myshopify.com/cdn/shop/t/6/assets/slick.min37cc.css]
[bigon-6.myshopify.com/cdn/shop/t/6/assets/style.min9284.css]
[bigon-6.myshopify.com/cdn/shop/t/6/assets/theme-settings0c24.css]
[backblue.gif]
[fade.gif]
[index.html]
[bigon-6.myshopify.com/cdn/fonts/work_sans/worksans_n4.e7c533c4afbed28070f6ac45dbcfe6f37840c0a8b088.woff]
[cdn.shopify.com/s/files/1/0259/8194/3911/files/snow169ad.png]
[cdn.shopify.com/shopifycloud/checkout-web/assets/checkout-web-packages_Information_NoAddressLocation_Payment_PostPurchase_Review_Shipping_ShopPay_Sho_cf13f96e.baseline.en.8d3a709bcf8c04f77ed7.js]
[bigon-6.myshopify.com/ga.html]
[cdn.shopify.com/shopifycloud/checkout-web/assets/Information_Payment_ShopPay.baseline.en.935f71e1b5e37b1a673d.js]
[cdn.shopify.com/shopifycloud/checkout-web/assets/Information_Payment.baseline.en.e38e94a10255bd8dac2c.js]
[cdn.shopify.com/shopifycloud/checkout-web/assets/Information.baseline.en.3c067bc64a64a71ff5ad.js]
[cdn.shopify.com/shopifycloud/checkout-web/assets/checkout-web-ui_app.baseline.en.26a0342d355a675e2801.js]
[cdn.shopify.com/shopifycloud/checkout-web/assets/vendors_app.baseline.en.1188b9033722bc012e84.js]
[cdn.shopify.com/shopifycloud/checkout-web/assets/checkout-web-packages_app.baseline.en.4e70883e139eb5a799c1.js]
[cdn.shopify.com/shopifycloud/checkout-web/assets/vendors_app.baseline.en.954db6995929b6f1f646.css]
[cdn.shopify.com/shopifycloud/checkout-web/assets/app.baseline.en.dd733f21b66b59afc26d.css]
[cdn.shopify.com/shopifycloud/checkout-web/assets/Information_Payment_ShopPay.baseline.en.9f248e42bf2a8151ea27.css]
[bigon-6.myshopify.com/GET]
[cdn.shopify.com/shopifycloud/storefront-recaptcha-v3/v0.6/index.js]
[cdn.shopify.com/shopifycloud/shopify/assets/storefront/load_feature-3f13ad638dda6342084642726e80965205d5b82d761805d0f0b2850313bc1fdf.js]
[cdn.shopify.com/shopifycloud/shopify/assets/storefront/features-87e8399988880142f2c62771b9d8f2ff6c290b3ff745dd426eb0dfe0db9d1dae.js]
[bigon-6.myshopify.com/cdn/shop/t/6/assets/Wishlistcec8.js]
[bigon-6.myshopify.com/POST]
[bigon-6.myshopify.com/cdn]
[cdn.shopify.com/s/trekkie.storefront.6deef03150cfc3807450afdae3e05f036f41d450.min.js]
[bigon-6.myshopify.com/cdn/shopifycloud/shopify/assets/shop_events_listener-65cd0ba3fcd81a1df33f2510ec5bcf8c0e0958653b50e3965ec972dd638ee13f.js]
[bigon-6.myshopify.com/cdn/shopifycloud/boomerang/shopify-boomerang-1.0.0.min.js]
[bigon-6.myshopify.com/account/login.html]
[bigon-6.myshopify.com/account/register.html]
[bigon-6.myshopify.com/cdn/shop/files/logoastor_300x3008d5a.png]
[bigon-6.myshopify.com/pages/wishlist.html]
[bigon-6.myshopify.com/collections/macbook.html]
[bigon-6.myshopify.com/products/macbook-air-with-m1.html]
[bigon-6.myshopify.com/products/macbook-pro-13-with-m1.html]
[bigon-6.myshopify.com/collections/iphone.html]
[bigon-6.myshopify.com/products/apple-iphone-12.html]
[bigon-6.myshopify.com/products/apple-iphone-13-mini.html]
[bigon-6.myshopify.com/products/apple-ipad-pro-11-inch.html]
[bigon-6.myshopify.com/products/apple-iphone-13-pro.html]
[bigon-6.myshopify.com/products/apple-iphone-12-pro.html]
[bigon-6.myshopify.com/products/apple-iphone-13.html]
[bigon-6.myshopify.com/cart.html]
[bigon-6.myshopify.com/products/ipad-air-2020-12-9-inch.html]
[bigon-6.myshopify.com/products/apple-ipad-pro-12-9-inch.html]
[bigon-6.myshopify.com/cdn/shop/files/Screenshot_at_Feb_05_11-02-08e738.png]
[bigon-6.myshopify.com/cdn/shop/files/Screenshot_at_Feb_05_11-02-583a7d.png]
[bigon-6.myshopify.com/products/apple-macbook-pro-16-inch.html]
[bigon-6.myshopify.com/cdn/shop/t/6/assets/ajax_loadera1e5.svg]
[bigon-6.myshopify.com/cdn/shop/products/9_1f747b29-001e-450f-8939-d619d6479bca_2048x20487615.jpg]
[bigon-6.myshopify.com/cdn/shop/products/11_466b7e59-bd93-4b4d-bfbb-cef9994ea83a_2048x20487615.jpg]
[bigon-6.myshopify.com/cdn/shop/products/11_466b7e59-bd93-4b4d-bfbb-cef9994ea83a7615.jpg]
[bigon-6.myshopify.com/cdn/shop/products/12_6d5acf4b-1896-495e-8f2d-396a58f95ff67615.jpg]
[bigon-6.myshopify.com/cdn/shop/products/10_14171a3c-970c-462d-8c28-6ec483df7031d6a7.jpg]
[bigon-6.myshopify.com/cdn/shop/products/6_2048x20485a18.jpg]
[bigon-6.myshopify.com/cdn/shop/products/4_2048x20485a18.jpg]
[bigon-6.myshopify.com/cdn/shop/products/65a18.jpg]
[bigon-6.myshopify.com/cdn/shop/products/45a18.jpg]
[bigon-6.myshopify.com/cdn/shop/products/55a18.jpg]
[bigon-6.myshopify.com/cdn/shop/products/12_374d37ef-6951-4c61-b46d-af6244139c32_2048x2048f736.jpg]
[bigon-6.myshopify.com/cdn/shop/products/11_378764fb-e08d-40a3-9e5c-80b25d22f558_2048x2048f736.jpg]
[bigon-6.myshopify.com/cdn/shop/products/11_378764fb-e08d-40a3-9e5c-80b25d22f558f736.jpg]
[bigon-6.myshopify.com/cdn/shop/products/12_374d37ef-6951-4c61-b46d-af6244139c32f736.jpg]
[bigon-6.myshopify.com/cdn/shop/products/10_5b99e70e-c3bd-4d75-87fe-935ebdd4a2f0f736.jpg]
[bigon-6.myshopify.com/cdn/shop/files/b2_2048x2048b848.jpg]
[bigon-6.myshopify.com/cdn/shop/files/b1_2048x20484c54.jpg]
[bigon-6.myshopify.com/cdn/shop/files/b1_2048x2048f821.png]
[bigon-6.myshopify.com/products/apple-watch-series-4.html]
[bigon-6.myshopify.com/cdn/shop/products/25_2048x204897e8.png]
[bigon-6.myshopify.com/cdn/shop/products/24_01357c15-0fe7-4bb6-9db6-6307952f5c71_2048x204897e8.png]
[bigon-6.myshopify.com/cdn/shop/products/28_2f1952d6-a83b-4321-bbb7-195e9a02506c97e8.png]
[bigon-6.myshopify.com/cdn/shop/products/30_01f42108-c0fa-44cf-a967-c0672923238e1581.png]
[bigon-6.myshopify.com/cdn/shop/products/24_01357c15-0fe7-4bb6-9db6-6307952f5c7197e8.png]
[bigon-6.myshopify.com/products/watch-gold-series-4.html]
[bigon-6.myshopify.com/cdn/shop/products/24_76420093-07fc-490e-bdbd-38c71a4d8016_2048x20486058.png]
[bigon-6.myshopify.com/cdn/shop/products/29_ac493aff-5c05-465b-b996-0ad24093cb4a_2048x20486058.png]
[bigon-6.myshopify.com/cdn/shop/products/28_d5a63083-c7ef-4909-8ac6-6a76ef35cfae6058.png]
[bigon-6.myshopify.com/cdn/shop/products/30_e3bb98b5-994a-4a99-8949-bee82cd5c1fd6058.png]
[bigon-6.myshopify.com/cdn/shop/products/24_76420093-07fc-490e-bdbd-38c71a4d80166058.png]
[bigon-6.myshopify.com/products/new-watch-series-black.html]
[bigon-6.myshopify.com/cdn/shop/products/29_3969ab5c-333c-4712-bc11-c1e60510367d_2048x20488a35.png]
[bigon-6.myshopify.com/cdn/shop/products/28_b79dc524-d48e-404d-8384-0358251f2d03_2048x20488a35.png]
[bigon-6.myshopify.com/cdn/shop/products/28_b79dc524-d48e-404d-8384-0358251f2d038a35.png]
[bigon-6.myshopify.com/cdn/shop/products/30_e46e05e8-ad4f-43fa-8147-ec6f5f11339e8a35.png]
[bigon-6.myshopify.com/cdn/shop/products/24_1c6926ff-a4b5-4231-be3e-74a0c5fbe1be8a35.png]
[bigon-6.myshopify.com/cdn/shop/products/20_6ae7f889-3719-42e9-b10d-a5a44b07a83b_2048x2048e678.jpg]
[bigon-6.myshopify.com/cdn/shop/products/22_c0e91f1e-3e84-48c6-b8c6-4776749b07b2_2048x2048e678.jpg]
[bigon-6.myshopify.com/cdn/shop/products/18_19505975-88bc-40fd-bf0d-1cd746cdc67ae678.jpg]
[bigon-6.myshopify.com/cdn/shop/products/20_6ae7f889-3719-42e9-b10d-a5a44b07a83be678.jpg]
[bigon-6.myshopify.com/cdn/shop/products/21_3eb7fb8d-a8ad-4562-bcdf-880a7774c9324f79.jpg]
[bigon-6.myshopify.com/cdn/shop/products/22_8f56deb1-a60c-4bb8-8451-e92d1ecac721_2048x2048eb59.jpg]
[bigon-6.myshopify.com/cdn/shop/products/18_59783586-b453-4753-b41f-403c4e6e1000_2048x2048eb59.jpg]
[bigon-6.myshopify.com/cdn/shop/products/18_59783586-b453-4753-b41f-403c4e6e1000eb59.jpg]
[bigon-6.myshopify.com/cdn/shop/products/20_7600d006-f15f-42c6-b2dc-6b23dd3eb56deb59.jpg]
[bigon-6.myshopify.com/cdn/shop/products/21_b527cf3a-90ef-4173-8b49-3daa4c2e213feb59.jpg]
[bigon-6.myshopify.com/cdn/shop/products/18_2048x204814ac.jpg]
[bigon-6.myshopify.com/cdn/shop/products/20_2048x204814ac.jpg]
[bigon-6.myshopify.com/cdn/shop/products/1814ac.jpg]
[bigon-6.myshopify.com/cdn/shop/products/2014ac.jpg]
[bigon-6.myshopify.com/cdn/shop/products/2114ac.jpg]
[bigon-6.myshopify.com/blogs/news.html]
[bigon-6.myshopify.com/pages/faq.html]
[bigon-6.myshopify.com/pages/shipping-policy.html]
[bigon-6.myshopify.com/pages/size-chart.html]
[bigon-6.myshopify.com/account/login4236.html]
[bigon-6.myshopify.com/pages/contact.html]
[bigon-6.myshopify.com/cdn/shopifycloud/shopify/assets/themes_support/option_selection-9f517843f664ad329c689020fb1e45d03cac979f64b9eb1651ea32858b0ff452.js]
[bigon-6.myshopify.com/cdn/shopifycloud/shopify/assets/themes_support/api.jquery-e94e010e92e659b566dbc436fdfe5242764380e00398907a14955ba301a4749f.js]
[bigon-6.myshopify.com/cdn/shop/t/6/assets/cart.apif759.js]
[bigon-6.myshopify.com/cdn/shop/t/6/assets/perfect-scrollbar90cb.js]
[bigon-6.myshopify.com/cdn/shop/t/6/assets/ajax-mailchimp28d0.js]
[bigon-6.myshopify.com/cdn/shop/t/6/assets/jquery.dlmenuf00a.js]
[bigon-6.myshopify.com/cdn/shop/t/6/assets/isotope.min8497.js]
[bigon-6.myshopify.com/collections/all.html]
[bigon-6.myshopify.com/index.html]
[bigon-6.myshopify.com/cdn/shop/t/6/assets/fontawesome-webfont3e6e.eot]
[bigon-6.myshopify.com/cdn/shop/t/6/assets/fontawesome-webfont3e6e.woff2]
[bigon-6.myshopify.com/cdn/shop/t/6/assets/fontawesome-webfont3e6e.woff]
[bigon-6.myshopify.com/cdn/shop/t/6/assets/fontawesome-webfontd41d.eot]
[bigon-6.myshopify.com/cdn/shop/t/6/assets/fontawesome-webfont3e6e.ttf]
[bigon-6.myshopify.com/cdn/shop/t/6/assets/fontawesome-webfont3e6e.svg]
[bigon-6.myshopify.com/cdn/shop/t/6/assets/ionicons28b5.ttf]
[bigon-6.myshopify.com/cdn/shop/t/6/assets/ionicons28b5.eot]
[bigon-6.myshopify.com/cdn/shop/t/6/assets/ionicons28b5.woff]
[bigon-6.myshopify.com/cdn/shop/t/6/assets/ionicons28b5.svg]
[bigon-6.myshopify.com/cdn/shop/t/6/assets/themify9f24.eot]
[bigon-6.myshopify.com/cdn/shop/t/6/assets/themifyd41d.eot]
[bigon-6.myshopify.com/cdn/shop/t/6/assets/themify9f24.woff]
[bigon-6.myshopify.com/cdn/shop/t/6/assets/themify9f24.ttf]
[bigon-6.myshopify.com/cdn/shop/t/6/assets/themify9f24.svg]
[bigon-6.myshopify.com/cdn/shop/t/6/assets/owl.video.play.png]
[bigon-6.myshopify.com/cdn/shop/t/6/assets/pluginsf037.css]
[bigon-6.myshopify.com/cdn/shop/t/6/assets/slick.min37cc.css]
[bigon-6.myshopify.com/cdn/shop/t/6/assets/qcv-arrow-down.png]
[bigon-6.myshopify.com/cdn/shop/t/6/img/banner/m13-bg1.jpg]
[bigon-6.myshopify.com/cdn/shop/t/6/img/icons/button-play.png]
[cdn.shopify.com/s/files/1/0048/1289/8402/files/test_1fe35.png]
[bigon-6.myshopify.com/cdn/shop/t/6/assets/style.min9284.css]
[bigon-6.myshopify.com/cdn/fonts/work_sans/worksans_n4.29e3afeb38a0ba35e784cf169a40e8beaf814daa208d.woff2]
[bigon-6.myshopify.com/cdn/fonts/work_sans/worksans_n4.e7c533c4afbed28070f6ac45dbcfe6f37840c0a8d5c3.woff]
[bigon-6.myshopify.com/cdn/shop/t/6/assets/theme-settings0c24.css]
[cdn.shopify.com/shopifycloud/checkout-web/assets/8567.baseline.en.db2db4972b5400eb728d.js]
[cdn.shopify.com/shopifycloud/checkout-web/assets/205.baseline.en.88adac01a24af76dfda4.js]
[cdn.shopify.com/shopifycloud/checkout-web/assets/Information.baseline.en.a17911f23e6f127536e9.js]
[cdn.shopify.com/shopifycloud/checkout-web/assets/6194.baseline.en.b5bbdb12fd4ef7387ea9.js]
[cdn.shopify.com/shopifycloud/checkout-web/assets/253.baseline.en.4c529aebdd106e47703b.js]
[cdn.shopify.com/shopifycloud/checkout-web/assets/7551.baseline.en.5d341e25ba37588f2815.js]
[cdn.shopify.com/shopifycloud/checkout-web/assets/app.baseline.en.2483ab18e44f887608e3.css]
[bigon-6.myshopify.com/ga/index.html]
[bigon-6.myshopify.com/ga/account/login.html]
[bigon-6.myshopify.com/ga/account/register.html]
[bigon-6.myshopify.com/ga/collections/macbook.html]
[bigon-6.myshopify.com/ga/products/macbook-air-with-m1.html]
[bigon-6.myshopify.com/ga/products/macbook-pro-13-with-m1.html]
[bigon-6.myshopify.com/ga/collections/iphone.html]
[bigon-6.myshopify.com/ga/products/apple-iphone-12.html]
[bigon-6.myshopify.com/ga/products/apple-iphone-13-mini.html]
[bigon-6.myshopify.com/ga/products/apple-ipad-pro-11-inch.html]
[bigon-6.myshopify.com/ga/products/apple-iphone-13-pro.html]
[bigon-6.myshopify.com/ga/products/apple-iphone-12-pro.html]
[bigon-6.myshopify.com/ga/products/apple-iphone-13.html]
[bigon-6.myshopify.com/ga/cart.html]
[bigon-6.myshopify.com/ga/products/ipad-air-2020-12-9-inch.html]
[bigon-6.myshopify.com/ga/products/apple-ipad-pro-12-9-inch.html]
[bigon-6.myshopify.com/ga/products/apple-macbook-pro-16-inch.html]
[bigon-6.myshopify.com/ga/products/apple-watch-series-4.html]
[bigon-6.myshopify.com/ga/products/watch-gold-series-4.html]
[bigon-6.myshopify.com/ga/products/new-watch-series-black.html]
[bigon-6.myshopify.com/ga/blogs/news.html]
[bigon-6.myshopify.com/ga/pages/faq.html]
[bigon-6.myshopify.com/ga/pages/shipping-policy.html]
[bigon-6.myshopify.com/ga/account/loginc01d.html]
[bigon-6.myshopify.com/ga/pages/size-chart.html]
[bigon-6.myshopify.com/ga/pages/contact.html]
[bigon-6.myshopify.com/ga.html]
[cdn.shopify.com/shopifycloud/checkout-web/assets/vendors_app.baseline.en.954db6995929b6f1f646.css]
[cdn.shopify.com/shopifycloud/checkout-web/assets/app.baseline.en.dd733f21b66b59afc26d.css]
[cdn.shopify.com/shopifycloud/checkout-web/assets/Information_Payment_ShopPay.baseline.en.9f248e42bf2a8151ea27.css]
[bigon-6.myshopify.com/GET.html]
[bigon-6.myshopify.com/POST.html]
[bigon-6.myshopify.com/cdn.html]
[cdn.shopify.com/shopifycloud/checkout-web/assets/Information.baseline.en.a05cc797e08e582fbaa3.js]
[cdn.shopify.com/shopifycloud/checkout-web/assets/253.baseline.en.6ffae86c7b792d63c254.js]
[bigon-6.myshopify.com/account/GET]
[bigon-6.myshopify.com/cdn/shopifycloud/shopify/assets/themes_support/shopify_common-8ea6ac3faf357236a97f5de749df4da6e8436ca107bc3a4ee805cbf08bc47392.js]
[bigon-6.myshopify.com/account/POST]
[bigon-6.myshopify.com/account/login.html]
[bigon-6.myshopify.com/account/register.html]
[bigon-6.myshopify.com/ga/pages/wishlist.html]
[bigon-6.myshopify.com/pages/GET]
[bigon-6.myshopify.com/pages/POST]
[bigon-6.myshopify.com/pages/wishlist.html]
[bigon-6.myshopify.com/index9205.html]
[bigon-6.myshopify.com/indexde81.html]
[bigon-6.myshopify.com/indexa7b5.html]
[bigon-6.myshopify.com/collections/macbook.atom]
[bigon-6.myshopify.com/collections/macbook.oembed]
[bigon-6.myshopify.com/collections/GET]
[bigon-6.myshopify.com/collections/POST]
[bigon-6.myshopify.com/collections/apple-ipad.html]
[bigon-6.myshopify.com/collections/apple-watch.html]
[bigon-6.myshopify.com/cdn/shop/files/fdfdfdf_grandef9eb.jpg]
[bigon-6.myshopify.com/collections/macbook/products/apple-macbook-pro-16-inch.html]
[bigon-6.myshopify.com/cdn/shop/products/15_86068dcd-90b3-4151-b997-f1400617b87e_2048x204829c1.png]
[bigon-6.myshopify.com/cdn/shop/products/16_e8db5b39-5435-4176-8b16-919dd19d0bfa_2048x204829c1.png]
[bigon-6.myshopify.com/cdn/shop/products/16_e8db5b39-5435-4176-8b16-919dd19d0bfa29c1.png]
[bigon-6.myshopify.com/cdn/shop/products/14_c0e1c252-6eba-4989-8a18-5f16b1f0ef1129c1.png]
[bigon-6.myshopify.com/cdn/shop/products/15_86068dcd-90b3-4151-b997-f1400617b87e29c1.png]
[bigon-6.myshopify.com/collections/macbook/products/macbook-pro-13-with-m1.html]
[bigon-6.myshopify.com/cdn/shop/products/16_f8424338-3405-4676-a0cc-e77fb7aa9b11_2048x2048a5e0.png]
[bigon-6.myshopify.com/cdn/shop/products/13_47c37337-7e7f-41be-8a58-069394f58861_2048x2048a5e0.png]
[bigon-6.myshopify.com/cdn/shop/products/16_f8424338-3405-4676-a0cc-e77fb7aa9b11a5e0.png]
[bigon-6.myshopify.com/cdn/shop/products/13_47c37337-7e7f-41be-8a58-069394f58861a5e0.png]
[bigon-6.myshopify.com/cdn/shop/products/14_a042f111-3414-4e15-8d33-8b0edaeedf53a5e0.png]
[bigon-6.myshopify.com/collections/macbook/products/macbook-air-with-m1.html]
[bigon-6.myshopify.com/cdn/shop/products/14_2048x20484c5d.png]
[bigon-6.myshopify.com/cdn/shop/products/13_2048x20484c5d.png]
[bigon-6.myshopify.com/cdn/shop/products/144c5d.png]
[bigon-6.myshopify.com/cdn/shop/products/153646.png]
[bigon-6.myshopify.com/cdn/shop/products/134c5d.png]
[bigon-6.myshopify.com/collections/macbook.html]
[bigon-6.myshopify.com/cdn/shop/t/5/assets/plugins8a89.js]
[bigon-6.myshopify.com/cdn/shop/products/14_180x4c5d.png]
[bigon-6.myshopify.com/cdn/shop/t/5/assets/theme.plugins49f0.js]
[bigon-6.myshopify.com/cdn/shop/t/5/assets/bootstrap.min28ab.js]
[bigon-6.myshopify.com/cdn/shop/t/5/assets/owl.carousel.minabe0.js]
[bigon-6.myshopify.com/cdn/shop/t/5/assets/lazysizes.mincde9.js]
[bigon-6.myshopify.com/cdn/shop/t/5/assets/tippy.min2c49.js]
[bigon-6.myshopify.com/cdn/shop/t/5/assets/slick.min94c3.js]
[bigon-6.myshopify.com/cdn/shop/t/5/assets/jquery.currencies.min0497.js]
[bigon-6.myshopify.com/cdn/shop/t/5/assets/theme.minca4d.js]
[bigon-6.myshopify.com/cdn/shop/t/5/assets/plugins9918.css]
[bigon-6.myshopify.com/cdn/shop/t/5/assets/slick.minfdb9.css]
[bigon-6.myshopify.com/cdn/shop/t/5/assets/style.min98c3.css]
[bigon-6.myshopify.com/cdn/shop/t/5/assets/theme-settingsf10e.css]
[bigon-6.myshopify.com/cdn/shop/t/5/assets/fancyAPP.minc9ce.css]
[bigon-6.myshopify.com/cdn/shop/products/15_grande3646.png]
[bigon-6.myshopify.com/cdn/shop/products/13_grande4c5d.png]
[bigon-6.myshopify.com/cdn/shop/products/14_grande4c5d.png]
[bigon-6.myshopify.com/products/macbook-air-with-m1.oembed]
[bigon-6.myshopify.com/products/GET]
[cdn.shopify.com/shopifycloud/shopify/assets/storefront/bars/preview_bar_injector-57b94cef374b0312dbc08e48cf583558b3aaccc47550a0081cc24b08c6ca10d6.js]
[bigon-6.myshopify.com/cdn/shop/t/5/assets/Wishlist2528.js]
[bigon-6.myshopify.com/products/POST]
[bigon-6.myshopify.com/cdn/shop/t/5/assets/accordion-module3791.css]
[bigon-6.myshopify.com/cdn/shop/products/14_1024x10244c5d.png]
[bigon-6.myshopify.com/cdn/shop/products/14_300x3004c5d.png]
[bigon-6.myshopify.com/cdn/shop/products/13_1024x10244c5d.png]
[bigon-6.myshopify.com/cdn/shop/products/13_300x3004c5d.png]
[bigon-6.myshopify.com/cdn/shop/products/15_1024x10243646.png]
[bigon-6.myshopify.com/cdn/shop/products/15_300x3003646.png]
[bigon-6.myshopify.com/cdn/shop/products/16_1024x10243646.png]
[bigon-6.myshopify.com/cdn/shop/products/16_300x3003646.png]
[bigon-6.myshopify.com/cdn/shop/products/14_compact4c5d.png]
[bigon-6.myshopify.com/cdn/shop/products/13_compact4c5d.png]
[bigon-6.myshopify.com/cdn/shop/products/15_compact3646.png]
[bigon-6.myshopify.com/cdn/shop/products/16_compact3646.png]
[bigon-6.myshopify.com/cdn/shop/products/14_100x100_crop_center4c5d.png]
[bigon-6.myshopify.com/cdn/shop/products/15_100x100_crop_center3646.png]
[bigon-6.myshopify.com/cdn/shop/products/13_100x100_crop_center4c5d.png]
[bigon-6.myshopify.com/cdn/s/global/social/social-icons.css]
[bigon-6.myshopify.com/cdn/shop/t/5/assets/ajax_loader74f2.svg]
[ajax.aspnetcdn.com/ajax/jquery.templates/beta1/jquery.tmpl.min.js]
[bigon-6.myshopify.com/cdn/shop/t/5/assets/jquery.products.mina1a4.js]
[bigon-6.myshopify.com/cdn/shop/t/5/assets/cart.api53cb.js]
[bigon-6.myshopify.com/cdn/shop/t/5/assets/perfect-scrollbarff80.js]
[bigon-6.myshopify.com/cdn/shop/t/5/assets/ajax-mailchimpef0f.js]
[bigon-6.myshopify.com/cdn/shop/t/5/assets/jquery.dlmenucfae.js]
[bigon-6.myshopify.com/cdn/shop/t/5/assets/jquery.zoom.min65cd.js]
[bigon-6.myshopify.com/cdn/shop/t/5/assets/fancyApps.min0331.js]
[bigon-6.myshopify.com/products/macbook-air-with-m1.html]
[bigon-6.myshopify.com/cdn/shop/products/16_f8424338-3405-4676-a0cc-e77fb7aa9b11_180xa5e0.png]
[bigon-6.myshopify.com/cdn/shop/products/14_a042f111-3414-4e15-8d33-8b0edaeedf53_grandea5e0.png]
[bigon-6.myshopify.com/cdn/shop/products/13_47c37337-7e7f-41be-8a58-069394f58861_grandea5e0.png]
[bigon-6.myshopify.com/cdn/shop/products/16_f8424338-3405-4676-a0cc-e77fb7aa9b11_grandea5e0.png]
[bigon-6.myshopify.com/products/macbook-pro-13-with-m1.oembed]
[bigon-6.myshopify.com/cdn/shop/products/16_f8424338-3405-4676-a0cc-e77fb7aa9b11_1024x1024a5e0.png]
[bigon-6.myshopify.com/cdn/shop/products/16_f8424338-3405-4676-a0cc-e77fb7aa9b11_300x300a5e0.png]
[bigon-6.myshopify.com/cdn/shop/products/13_47c37337-7e7f-41be-8a58-069394f58861_1024x1024a5e0.png]
[bigon-6.myshopify.com/cdn/shop/products/13_47c37337-7e7f-41be-8a58-069394f58861_300x300a5e0.png]
[bigon-6.myshopify.com/cdn/shop/products/14_a042f111-3414-4e15-8d33-8b0edaeedf53_1024x1024a5e0.png]
[bigon-6.myshopify.com/cdn/shop/products/14_a042f111-3414-4e15-8d33-8b0edaeedf53_300x300a5e0.png]
[bigon-6.myshopify.com/cdn/shop/products/15_87dcf843-4832-4768-96d8-83aa090cc6f2_1024x1024a5e0.png]
[bigon-6.myshopify.com/cdn/shop/products/15_87dcf843-4832-4768-96d8-83aa090cc6f2_300x300a5e0.png]
[bigon-6.myshopify.com/cdn/shop/products/16_f8424338-3405-4676-a0cc-e77fb7aa9b11_compacta5e0.png]
[bigon-6.myshopify.com/cdn/shop/products/13_47c37337-7e7f-41be-8a58-069394f58861_compacta5e0.png]
[bigon-6.myshopify.com/cdn/shop/products/14_a042f111-3414-4e15-8d33-8b0edaeedf53_compacta5e0.png]
[bigon-6.myshopify.com/cdn/shop/products/15_87dcf843-4832-4768-96d8-83aa090cc6f2_compacta5e0.png]
[bigon-6.myshopify.com/products/macbook-pro-13-with-m1.html]
[bigon-6.myshopify.com/collections/iphone.atom]
[bigon-6.myshopify.com/collections/iphone.oembed]
[bigon-6.myshopify.com/collections/iphone/products/apple-iphone-13-pro.html]
[bigon-6.myshopify.com/collections/iphone/products/apple-iphone-12-pro.html]
[bigon-6.myshopify.com/collections/iphone/products/apple-iphone-13-mini.html]
[bigon-6.myshopify.com/collections/iphone/products/apple-iphone-12.html]
[bigon-6.myshopify.com/cdn/shop/products/1_2048x20489fa3.jpg]
[bigon-6.myshopify.com/cdn/shop/products/2_2048x20489fa3.jpg]
[bigon-6.myshopify.com/cdn/shop/products/39fa3.jpg]
[bigon-6.myshopify.com/cdn/shop/products/29fa3.jpg]
[bigon-6.myshopify.com/cdn/shop/products/19fa3.jpg]
[bigon-6.myshopify.com/cdn/shop/products/2_ff89ef53-dbfd-4a58-b377-3cd9a535152e217a.jpg]
[bigon-6.myshopify.com/cdn/shop/t/5/assets/isotope.minfda7.js]
[bigon-6.myshopify.com/collections/iphone.html]
[bigon-6.myshopify.com/cdn/shop/products/3_180x9fa3.jpg]
[bigon-6.myshopify.com/cdn/shop/products/3_grande9fa3.jpg]
[bigon-6.myshopify.com/cdn/shop/products/2_grande9fa3.jpg]
[bigon-6.myshopify.com/cdn/shop/products/1_grande9fa3.jpg]
[bigon-6.myshopify.com/products/apple-iphone-12.oembed]
[bigon-6.myshopify.com/cdn/shop/products/1_1024x10249fa3.jpg]
[bigon-6.myshopify.com/cdn/shop/products/1_300x3009fa3.jpg]
[bigon-6.myshopify.com/cdn/shop/products/2_1024x10249fa3.jpg]
[bigon-6.myshopify.com/cdn/shop/products/2_300x3009fa3.jpg]
[bigon-6.myshopify.com/cdn/shop/products/3_1024x10249fa3.jpg]
[bigon-6.myshopify.com/cdn/shop/products/3_300x3009fa3.jpg]
[bigon-6.myshopify.com/cdn/shop/products/2_ff89ef53-dbfd-4a58-b377-3cd9a535152e_1024x1024217a.jpg]
[bigon-6.myshopify.com/cdn/shop/products/2_ff89ef53-dbfd-4a58-b377-3cd9a535152e_300x300217a.jpg]
[bigon-6.myshopify.com/cdn/shop/products/1_compact9fa3.jpg]
[bigon-6.myshopify.com/cdn/shop/products/2_compact9fa3.jpg]
[bigon-6.myshopify.com/cdn/shop/products/3_compact9fa3.jpg]
[bigon-6.myshopify.com/cdn/shop/products/2_ff89ef53-dbfd-4a58-b377-3cd9a535152e_compact217a.jpg]
[bigon-6.myshopify.com/cdn/shop/products/3_100x100_crop_center9fa3.jpg]
[bigon-6.myshopify.com/cdn/shop/products/2_100x100_crop_center9fa3.jpg]
[bigon-6.myshopify.com/cdn/shop/products/1_100x100_crop_center9fa3.jpg]
[bigon-6.myshopify.com/cdn/shop/products/2_ff89ef53-dbfd-4a58-b377-3cd9a535152e_100x100_crop_center217a.jpg]
[bigon-6.myshopify.com/products/apple-iphone-12.html]
[bigon-6.myshopify.com/cdn/shop/products/11_378764fb-e08d-40a3-9e5c-80b25d22f558_180xf736.jpg]
[bigon-6.myshopify.com/cdn/shop/products/10_5b99e70e-c3bd-4d75-87fe-935ebdd4a2f0_grandef736.jpg]
[bigon-6.myshopify.com/cdn/shop/products/11_378764fb-e08d-40a3-9e5c-80b25d22f558_grandef736.jpg]
[bigon-6.myshopify.com/cdn/shop/products/12_374d37ef-6951-4c61-b46d-af6244139c32_grandef736.jpg]
[bigon-6.myshopify.com/products/apple-iphone-13-mini.oembed]
[bigon-6.myshopify.com/cdn/shop/products/12_374d37ef-6951-4c61-b46d-af6244139c32_1024x1024f736.jpg]
[bigon-6.myshopify.com/cdn/shop/products/12_374d37ef-6951-4c61-b46d-af6244139c32_300x300f736.jpg]
[bigon-6.myshopify.com/cdn/shop/products/11_378764fb-e08d-40a3-9e5c-80b25d22f558_1024x1024f736.jpg]
[bigon-6.myshopify.com/cdn/shop/products/11_378764fb-e08d-40a3-9e5c-80b25d22f558_300x300f736.jpg]
[bigon-6.myshopify.com/cdn/shop/products/10_5b99e70e-c3bd-4d75-87fe-935ebdd4a2f0_1024x1024f736.jpg]
[bigon-6.myshopify.com/cdn/shop/products/10_5b99e70e-c3bd-4d75-87fe-935ebdd4a2f0_300x300f736.jpg]
[bigon-6.myshopify.com/cdn/shop/products/9_221229e2-aa1a-432e-af87-33866ff1f906_1024x1024ffa9.jpg]
[bigon-6.myshopify.com/cdn/shop/products/9_221229e2-aa1a-432e-af87-33866ff1f906_300x300ffa9.jpg]
[bigon-6.myshopify.com/cdn/shop/products/12_374d37ef-6951-4c61-b46d-af6244139c32_compactf736.jpg]
[bigon-6.myshopify.com/cdn/shop/products/11_378764fb-e08d-40a3-9e5c-80b25d22f558_compactf736.jpg]
[bigon-6.myshopify.com/cdn/shop/products/10_5b99e70e-c3bd-4d75-87fe-935ebdd4a2f0_compactf736.jpg]
[bigon-6.myshopify.com/cdn/shop/products/9_221229e2-aa1a-432e-af87-33866ff1f906_compactffa9.jpg]
[bigon-6.myshopify.com/products/apple-iphone-13-mini.html]
[bigon-6.myshopify.com/cdn/shop/products/18_180x14ac.jpg]
[bigon-6.myshopify.com/cdn/shop/products/21_grande14ac.jpg]
[bigon-6.myshopify.com/cdn/shop/products/20_grande14ac.jpg]
[bigon-6.myshopify.com/cdn/shop/products/18_grande14ac.jpg]
[bigon-6.myshopify.com/products/apple-ipad-pro-11-inch.oembed]
[bigon-6.myshopify.com/cdn/shop/products/18_1024x102414ac.jpg]
[bigon-6.myshopify.com/cdn/shop/products/18_300x30014ac.jpg]
[bigon-6.myshopify.com/cdn/shop/products/20_1024x102414ac.jpg]
[bigon-6.myshopify.com/cdn/shop/products/20_300x30014ac.jpg]
[bigon-6.myshopify.com/cdn/shop/products/21_1024x102414ac.jpg]
[bigon-6.myshopify.com/cdn/shop/products/21_300x30014ac.jpg]
[bigon-6.myshopify.com/cdn/shop/products/22_1024x102414ac.jpg]
[bigon-6.myshopify.com/cdn/shop/products/22_300x30014ac.jpg]
[bigon-6.myshopify.com/cdn/shop/products/18_compact14ac.jpg]
[bigon-6.myshopify.com/cdn/shop/products/20_compact14ac.jpg]
[bigon-6.myshopify.com/cdn/shop/products/21_compact14ac.jpg]
[bigon-6.myshopify.com/cdn/shop/products/22_compact14ac.jpg]
[bigon-6.myshopify.com/cdn/shop/products/18_100x100_crop_center14ac.jpg]
[bigon-6.myshopify.com/cdn/shop/products/20_100x100_crop_center14ac.jpg]
[bigon-6.myshopify.com/cdn/shop/products/21_100x100_crop_center14ac.jpg]
[bigon-6.myshopify.com/products/apple-ipad-pro-11-inch.html]
[bigon-6.myshopify.com/cdn/shop/products/11_466b7e59-bd93-4b4d-bfbb-cef9994ea83a_180x7615.jpg]
[bigon-6.myshopify.com/cdn/shop/products/12_6d5acf4b-1896-495e-8f2d-396a58f95ff6_grande7615.jpg]
[bigon-6.myshopify.com/cdn/shop/products/11_466b7e59-bd93-4b4d-bfbb-cef9994ea83a_grande7615.jpg]
[bigon-6.myshopify.com/cdn/shop/products/9_1f747b29-001e-450f-8939-d619d6479bca_grande7615.jpg]
[bigon-6.myshopify.com/products/apple-iphone-13-pro.oembed]
[bigon-6.myshopify.com/cdn/shop/products/9_1f747b29-001e-450f-8939-d619d6479bca_1024x10247615.jpg]
[bigon-6.myshopify.com/cdn/shop/products/9_1f747b29-001e-450f-8939-d619d6479bca_300x3007615.jpg]
[bigon-6.myshopify.com/cdn/shop/products/11_466b7e59-bd93-4b4d-bfbb-cef9994ea83a_1024x10247615.jpg]
[bigon-6.myshopify.com/cdn/shop/products/11_466b7e59-bd93-4b4d-bfbb-cef9994ea83a_300x3007615.jpg]
[bigon-6.myshopify.com/cdn/shop/products/12_6d5acf4b-1896-495e-8f2d-396a58f95ff6_1024x10247615.jpg]
[bigon-6.myshopify.com/cdn/shop/products/12_6d5acf4b-1896-495e-8f2d-396a58f95ff6_300x3007615.jpg]
[bigon-6.myshopify.com/cdn/shop/products/10_14171a3c-970c-462d-8c28-6ec483df7031_1024x1024d6a7.jpg]
[bigon-6.myshopify.com/cdn/shop/products/10_14171a3c-970c-462d-8c28-6ec483df7031_300x300d6a7.jpg]
[bigon-6.myshopify.com/cdn/shop/products/9_1f747b29-001e-450f-8939-d619d6479bca_compact7615.jpg]
[bigon-6.myshopify.com/cdn/shop/products/11_466b7e59-bd93-4b4d-bfbb-cef9994ea83a_compact7615.jpg]
[bigon-6.myshopify.com/cdn/shop/products/12_6d5acf4b-1896-495e-8f2d-396a58f95ff6_compact7615.jpg]
[bigon-6.myshopify.com/cdn/shop/products/10_14171a3c-970c-462d-8c28-6ec483df7031_compactd6a7.jpg]
[bigon-6.myshopify.com/cdn/shop/products/11_466b7e59-bd93-4b4d-bfbb-cef9994ea83a_100x100_crop_center7615.jpg]
[bigon-6.myshopify.com/cdn/shop/products/12_6d5acf4b-1896-495e-8f2d-396a58f95ff6_100x100_crop_center7615.jpg]
[bigon-6.myshopify.com/cdn/shop/products/10_14171a3c-970c-462d-8c28-6ec483df7031_100x100_crop_centerd6a7.jpg]
[bigon-6.myshopify.com/products/apple-iphone-13-pro.html]
[bigon-6.myshopify.com/cdn/shop/products/6_180x5a18.jpg]
[bigon-6.myshopify.com/cdn/shop/products/5_grande5a18.jpg]
[bigon-6.myshopify.com/cdn/shop/products/4_grande5a18.jpg]
[bigon-6.myshopify.com/cdn/shop/products/6_grande5a18.jpg]
[bigon-6.myshopify.com/products/apple-iphone-12-pro.oembed]
[bigon-6.myshopify.com/cdn/shop/products/6_1024x10245a18.jpg]
[bigon-6.myshopify.com/cdn/shop/products/6_300x3005a18.jpg]
[bigon-6.myshopify.com/cdn/shop/products/4_1024x10245a18.jpg]
[bigon-6.myshopify.com/cdn/shop/products/4_300x3005a18.jpg]
[bigon-6.myshopify.com/cdn/shop/products/5_1024x10245a18.jpg]
[bigon-6.myshopify.com/cdn/shop/products/5_300x3005a18.jpg]
[bigon-6.myshopify.com/cdn/shop/products/7_3ffb9361-9f7c-44b7-8624-1e85c033586f_1024x1024aa6c.jpg]
[bigon-6.myshopify.com/cdn/shop/products/7_3ffb9361-9f7c-44b7-8624-1e85c033586f_300x300aa6c.jpg]
[bigon-6.myshopify.com/cdn/shop/products/6_compact5a18.jpg]
[bigon-6.myshopify.com/cdn/shop/products/4_compact5a18.jpg]
[bigon-6.myshopify.com/cdn/shop/products/5_compact5a18.jpg]
[bigon-6.myshopify.com/cdn/shop/products/7_3ffb9361-9f7c-44b7-8624-1e85c033586f_compactaa6c.jpg]
[bigon-6.myshopify.com/cdn/shop/products/6_100x100_crop_center5a18.jpg]
[bigon-6.myshopify.com/cdn/shop/products/4_100x100_crop_center5a18.jpg]
[bigon-6.myshopify.com/cdn/shop/products/5_100x100_crop_center5a18.jpg]
[bigon-6.myshopify.com/products/apple-iphone-12-pro.html]
[bigon-6.myshopify.com/cdn/shop/products/11_d3e15457-5b9f-4725-8fac-fa285cf9d1a8_180xf4a3.jpg]
[bigon-6.myshopify.com/cdn/shop/products/12_72f3f906-f5f9-40b6-8c07-55598e1427ad_grandeb83a.jpg]
[bigon-6.myshopify.com/cdn/shop/products/10_be085b07-ef8f-43f7-af92-e43f2d993243_grandef4a3.jpg]
[bigon-6.myshopify.com/cdn/shop/products/11_d3e15457-5b9f-4725-8fac-fa285cf9d1a8_grandef4a3.jpg]
[bigon-6.myshopify.com/products/apple-iphone-13.oembed]
[bigon-6.myshopify.com/cdn/shop/products/11_d3e15457-5b9f-4725-8fac-fa285cf9d1a8_1024x1024f4a3.jpg]
[bigon-6.myshopify.com/cdn/shop/products/11_d3e15457-5b9f-4725-8fac-fa285cf9d1a8_300x300f4a3.jpg]
[bigon-6.myshopify.com/cdn/shop/products/10_be085b07-ef8f-43f7-af92-e43f2d993243_1024x1024f4a3.jpg]
[bigon-6.myshopify.com/cdn/shop/products/10_be085b07-ef8f-43f7-af92-e43f2d993243_300x300f4a3.jpg]
[bigon-6.myshopify.com/cdn/shop/products/12_72f3f906-f5f9-40b6-8c07-55598e1427ad_1024x1024b83a.jpg]
[bigon-6.myshopify.com/cdn/shop/products/12_72f3f906-f5f9-40b6-8c07-55598e1427ad_300x300b83a.jpg]
[bigon-6.myshopify.com/cdn/shop/products/9_cc5a246a-90b7-4241-baba-f997d8c27bb5_1024x1024b88a.jpg]
[bigon-6.myshopify.com/cdn/shop/products/9_cc5a246a-90b7-4241-baba-f997d8c27bb5_300x300b88a.jpg]
[bigon-6.myshopify.com/cdn/shop/products/11_d3e15457-5b9f-4725-8fac-fa285cf9d1a8_compactf4a3.jpg]
[bigon-6.myshopify.com/cdn/shop/products/10_be085b07-ef8f-43f7-af92-e43f2d993243_compactf4a3.jpg]
[bigon-6.myshopify.com/cdn/shop/products/12_72f3f906-f5f9-40b6-8c07-55598e1427ad_compactb83a.jpg]
[bigon-6.myshopify.com/cdn/shop/products/9_cc5a246a-90b7-4241-baba-f997d8c27bb5_compactb88a.jpg]
[bigon-6.myshopify.com/cdn/shop/products/11_d3e15457-5b9f-4725-8fac-fa285cf9d1a8_100x100_crop_centerf4a3.jpg]
[bigon-6.myshopify.com/cdn/shop/products/12_72f3f906-f5f9-40b6-8c07-55598e1427ad_100x100_crop_centerb83a.jpg]
[bigon-6.myshopify.com/cdn/shop/products/10_be085b07-ef8f-43f7-af92-e43f2d993243_100x100_crop_centerf4a3.jpg]
[bigon-6.myshopify.com/products/apple-iphone-13.html]
[bigon-6.myshopify.com/pages/about/index9205.html]
[bigon-6.myshopify.com/pages/contact/index9205.html]
[bigon-6.myshopify.com/pages/about.html]
[bigon-6.myshopify.com/cdn/shop/t/4/assets/plugins4bc7.js]
[bigon-6.myshopify.com/cdn/shop/t/4/assets/theme.plugins90e6.js]
[bigon-6.myshopify.com/cdn/shop/t/4/assets/bootstrap.min7852.js]
[bigon-6.myshopify.com/cdn/shop/t/4/assets/owl.carousel.min0415.js]
[bigon-6.myshopify.com/cdn/shop/t/4/assets/lazysizes.mind51f.js]
[bigon-6.myshopify.com/cdn/shop/t/4/assets/tippy.minf97d.js]
[bigon-6.myshopify.com/cdn/shop/t/4/assets/slick.min73e1.js]
[bigon-6.myshopify.com/cdn/shop/t/4/assets/jquery.currencies.min4aa0.js]
[bigon-6.myshopify.com/cdn/shop/t/4/assets/theme.min49fd.js]
[bigon-6.myshopify.com/cdn/shop/t/4/assets/plugins5f5f.css]
[bigon-6.myshopify.com/cdn/shop/t/4/assets/slick.mine37b.css]
[bigon-6.myshopify.com/cdn/shop/t/4/assets/style.min2c5f.css]
[bigon-6.myshopify.com/cdn/shop/t/4/assets/theme-settings4114.css]
[bigon-6.myshopify.com/cdn/shop/t/4/assets/Wishlist1c48.js]
[bigon-6.myshopify.com/cdn/shop/files/logoastor_344x488d5a.png]
[bigon-6.myshopify.com/cdn/shop/t/4/assets/cart.api8df3.js]
[bigon-6.myshopify.com/cdn/shop/t/4/assets/perfect-scrollbar148e.js]
[bigon-6.myshopify.com/cdn/shop/t/4/assets/ajax-mailchimp18f4.js]
[bigon-6.myshopify.com/cdn/shop/t/4/assets/jquery.dlmenu7090.js]
[bigon-6.myshopify.com/cart.html]
[bigon-6.myshopify.com/cdn/shop/products/18_19505975-88bc-40fd-bf0d-1cd746cdc67a_180xe678.jpg]
[bigon-6.myshopify.com/cdn/shop/t/4/assets/fancyAPP.mina59d.css]
[bigon-6.myshopify.com/cdn/shop/products/18_19505975-88bc-40fd-bf0d-1cd746cdc67a_grandee678.jpg]
[bigon-6.myshopify.com/cdn/shop/products/22_c0e91f1e-3e84-48c6-b8c6-4776749b07b2_grandee678.jpg]
[bigon-6.myshopify.com/cdn/shop/products/20_6ae7f889-3719-42e9-b10d-a5a44b07a83b_grandee678.jpg]
[bigon-6.myshopify.com/products/ipad-air-2020-12-9-inch.oembed]
[bigon-6.myshopify.com/cdn/shop/t/4/assets/accordion-modulefaf6.css]
[bigon-6.myshopify.com/cdn/shop/products/20_6ae7f889-3719-42e9-b10d-a5a44b07a83b_1024x1024e678.jpg]
[bigon-6.myshopify.com/cdn/shop/products/20_6ae7f889-3719-42e9-b10d-a5a44b07a83b_300x300e678.jpg]
[bigon-6.myshopify.com/cdn/shop/products/22_c0e91f1e-3e84-48c6-b8c6-4776749b07b2_1024x1024e678.jpg]
[bigon-6.myshopify.com/cdn/shop/products/22_c0e91f1e-3e84-48c6-b8c6-4776749b07b2_300x300e678.jpg]
[bigon-6.myshopify.com/cdn/shop/products/18_19505975-88bc-40fd-bf0d-1cd746cdc67a_1024x1024e678.jpg]
[bigon-6.myshopify.com/cdn/shop/products/18_19505975-88bc-40fd-bf0d-1cd746cdc67a_300x300e678.jpg]
[bigon-6.myshopify.com/cdn/shop/products/21_3eb7fb8d-a8ad-4562-bcdf-880a7774c932_1024x10244f79.jpg]
[bigon-6.myshopify.com/cdn/shop/products/21_3eb7fb8d-a8ad-4562-bcdf-880a7774c932_300x3004f79.jpg]
[bigon-6.myshopify.com/cdn/shop/products/20_6ae7f889-3719-42e9-b10d-a5a44b07a83b_compacte678.jpg]
[bigon-6.myshopify.com/cdn/shop/products/22_c0e91f1e-3e84-48c6-b8c6-4776749b07b2_compacte678.jpg]
[bigon-6.myshopify.com/cdn/shop/products/18_19505975-88bc-40fd-bf0d-1cd746cdc67a_compacte678.jpg]
[bigon-6.myshopify.com/cdn/shop/products/21_3eb7fb8d-a8ad-4562-bcdf-880a7774c932_compact4f79.jpg]
[bigon-6.myshopify.com/cdn/shop/t/4/assets/ajax_loader7686.svg]
[bigon-6.myshopify.com/cdn/shop/t/4/assets/jquery.products.min1e75.js]
[bigon-6.myshopify.com/cdn/shop/t/4/assets/jquery.zoom.minf849.js]
[bigon-6.myshopify.com/cdn/shop/t/4/assets/fancyApps.min0878.js]
[bigon-6.myshopify.com/products/ipad-air-2020-12-9-inch.html]
[bigon-6.myshopify.com/cdn/shop/products/18_59783586-b453-4753-b41f-403c4e6e1000_180xeb59.jpg]
[bigon-6.myshopify.com/cdn/shop/products/20_7600d006-f15f-42c6-b2dc-6b23dd3eb56d_grandeeb59.jpg]
[bigon-6.myshopify.com/cdn/shop/products/18_59783586-b453-4753-b41f-403c4e6e1000_grandeeb59.jpg]
[bigon-6.myshopify.com/cdn/shop/products/22_8f56deb1-a60c-4bb8-8451-e92d1ecac721_grandeeb59.jpg]
[bigon-6.myshopify.com/products/apple-ipad-pro-12-9-inch.oembed]
[bigon-6.myshopify.com/cdn/shop/products/22_8f56deb1-a60c-4bb8-8451-e92d1ecac721_1024x1024eb59.jpg]
[bigon-6.myshopify.com/cdn/shop/products/22_8f56deb1-a60c-4bb8-8451-e92d1ecac721_300x300eb59.jpg]
[bigon-6.myshopify.com/cdn/shop/products/18_59783586-b453-4753-b41f-403c4e6e1000_1024x1024eb59.jpg]
[bigon-6.myshopify.com/cdn/shop/products/18_59783586-b453-4753-b41f-403c4e6e1000_300x300eb59.jpg]
[bigon-6.myshopify.com/cdn/shop/products/20_7600d006-f15f-42c6-b2dc-6b23dd3eb56d_1024x1024eb59.jpg]
[bigon-6.myshopify.com/cdn/shop/products/20_7600d006-f15f-42c6-b2dc-6b23dd3eb56d_300x300eb59.jpg]
[bigon-6.myshopify.com/cdn/shop/products/21_b527cf3a-90ef-4173-8b49-3daa4c2e213f_1024x1024eb59.jpg]
[bigon-6.myshopify.com/cdn/shop/products/21_b527cf3a-90ef-4173-8b49-3daa4c2e213f_300x300eb59.jpg]
[bigon-6.myshopify.com/cdn/shop/products/22_8f56deb1-a60c-4bb8-8451-e92d1ecac721_compacteb59.jpg]
[bigon-6.myshopify.com/cdn/shop/products/18_59783586-b453-4753-b41f-403c4e6e1000_compacteb59.jpg]
[bigon-6.myshopify.com/cdn/shop/products/20_7600d006-f15f-42c6-b2dc-6b23dd3eb56d_compacteb59.jpg]
[bigon-6.myshopify.com/cdn/shop/products/21_b527cf3a-90ef-4173-8b49-3daa4c2e213f_compacteb59.jpg]
[bigon-6.myshopify.com/products/apple-ipad-pro-12-9-inch.html]
[bigon-6.myshopify.com/cdn/shop/products/16_e8db5b39-5435-4176-8b16-919dd19d0bfa_180x29c1.png]
[bigon-6.myshopify.com/cdn/shop/products/14_c0e1c252-6eba-4989-8a18-5f16b1f0ef11_grande29c1.png]
[bigon-6.myshopify.com/cdn/shop/products/16_e8db5b39-5435-4176-8b16-919dd19d0bfa_grande29c1.png]
[bigon-6.myshopify.com/cdn/shop/products/15_86068dcd-90b3-4151-b997-f1400617b87e_grande29c1.png]
[bigon-6.myshopify.com/products/apple-macbook-pro-16-inch.oembed]
[bigon-6.myshopify.com/cdn/shop/products/15_86068dcd-90b3-4151-b997-f1400617b87e_1024x102429c1.png]
[bigon-6.myshopify.com/cdn/shop/products/15_86068dcd-90b3-4151-b997-f1400617b87e_300x30029c1.png]
[bigon-6.myshopify.com/cdn/shop/products/16_e8db5b39-5435-4176-8b16-919dd19d0bfa_1024x102429c1.png]
[bigon-6.myshopify.com/cdn/shop/products/16_e8db5b39-5435-4176-8b16-919dd19d0bfa_300x30029c1.png]
[bigon-6.myshopify.com/cdn/shop/products/14_c0e1c252-6eba-4989-8a18-5f16b1f0ef11_1024x102429c1.png]
[bigon-6.myshopify.com/cdn/shop/products/14_c0e1c252-6eba-4989-8a18-5f16b1f0ef11_300x30029c1.png]
[bigon-6.myshopify.com/cdn/shop/products/15_86068dcd-90b3-4151-b997-f1400617b87e_compact29c1.png]
[bigon-6.myshopify.com/cdn/shop/products/16_e8db5b39-5435-4176-8b16-919dd19d0bfa_compact29c1.png]
[bigon-6.myshopify.com/cdn/shop/products/14_c0e1c252-6eba-4989-8a18-5f16b1f0ef11_compact29c1.png]
[bigon-6.myshopify.com/cdn/shop/products/16_e8db5b39-5435-4176-8b16-919dd19d0bfa_100x100_crop_center29c1.png]
[bigon-6.myshopify.com/cdn/shop/products/14_c0e1c252-6eba-4989-8a18-5f16b1f0ef11_100x100_crop_center29c1.png]
[bigon-6.myshopify.com/cdn/shop/products/15_86068dcd-90b3-4151-b997-f1400617b87e_100x100_crop_center29c1.png]
[bigon-6.myshopify.com/products/apple-macbook-pro-16-inch.html]
[bigon-6.myshopify.com/cdn/shop/t/6/assets/ajax_loadera1e5.svg]
[bigon-6.myshopify.com/cdn/shop/products/28_2f1952d6-a83b-4321-bbb7-195e9a02506c_180x97e8.png]
[bigon-6.myshopify.com/cdn/shop/products/29_658b2fa7-fced-4ae0-bdca-a6e7ac8af497_grande97e8.png]
[bigon-6.myshopify.com/cdn/shop/products/24_01357c15-0fe7-4bb6-9db6-6307952f5c71_grande97e8.png]
[bigon-6.myshopify.com/cdn/shop/products/25_grande97e8.png]
[bigon-6.myshopify.com/products/apple-watch-series-4.oembed]
[bigon-6.myshopify.com/cdn/shop/products/25_1024x102497e8.png]
[bigon-6.myshopify.com/cdn/shop/products/25_300x30097e8.png]
[bigon-6.myshopify.com/cdn/shop/products/24_01357c15-0fe7-4bb6-9db6-6307952f5c71_1024x102497e8.png]
[bigon-6.myshopify.com/cdn/shop/products/24_01357c15-0fe7-4bb6-9db6-6307952f5c71_300x30097e8.png]
[bigon-6.myshopify.com/cdn/shop/products/29_658b2fa7-fced-4ae0-bdca-a6e7ac8af497_1024x102497e8.png]
[bigon-6.myshopify.com/cdn/shop/products/29_658b2fa7-fced-4ae0-bdca-a6e7ac8af497_300x30097e8.png]
[bigon-6.myshopify.com/cdn/shop/products/28_2f1952d6-a83b-4321-bbb7-195e9a02506c_1024x102497e8.png]
[bigon-6.myshopify.com/cdn/shop/products/28_2f1952d6-a83b-4321-bbb7-195e9a02506c_300x30097e8.png]
[bigon-6.myshopify.com/cdn/shop/products/30_01f42108-c0fa-44cf-a967-c0672923238e_1024x10241581.png]
[bigon-6.myshopify.com/cdn/shop/products/30_01f42108-c0fa-44cf-a967-c0672923238e_300x3001581.png]
[bigon-6.myshopify.com/cdn/shop/products/25_compact97e8.png]
[bigon-6.myshopify.com/cdn/shop/products/24_01357c15-0fe7-4bb6-9db6-6307952f5c71_compact97e8.png]
[bigon-6.myshopify.com/cdn/shop/products/29_658b2fa7-fced-4ae0-bdca-a6e7ac8af497_compact97e8.png]
[bigon-6.myshopify.com/cdn/shop/products/28_2f1952d6-a83b-4321-bbb7-195e9a02506c_compact97e8.png]
[bigon-6.myshopify.com/cdn/shop/products/30_01f42108-c0fa-44cf-a967-c0672923238e_compact1581.png]
[bigon-6.myshopify.com/cdn/shop/products/28_2f1952d6-a83b-4321-bbb7-195e9a02506c_100x100_crop_center97e8.png]
[bigon-6.myshopify.com/cdn/shop/products/30_01f42108-c0fa-44cf-a967-c0672923238e_100x100_crop_center1581.png]
[bigon-6.myshopify.com/cdn/shop/products/24_01357c15-0fe7-4bb6-9db6-6307952f5c71_100x100_crop_center97e8.png]
[bigon-6.myshopify.com/products/apple-watch-series-5.html]
[bigon-6.myshopify.com/cdn/shop/products/28_2048x2048e7aa.png]
[bigon-6.myshopify.com/cdn/shop/products/30_36b460e7-db63-4a6d-af3c-1eab7c3d27be_2048x2048e7aa.png]
[bigon-6.myshopify.com/cdn/shop/products/28e7aa.png]
[bigon-6.myshopify.com/cdn/shop/products/30_36b460e7-db63-4a6d-af3c-1eab7c3d27bee7aa.png]
[bigon-6.myshopify.com/cdn/shop/products/24_7d0a2864-fb44-40d2-a557-19b992a82b91e7aa.png]
[bigon-6.myshopify.com/products/apple-watch-series-6-gold.html]
[bigon-6.myshopify.com/cdn/shop/products/26_2048x204883d9.png]
[bigon-6.myshopify.com/cdn/shop/products/30_65800dc0-c86d-4fa6-a89b-ff72ffb51d80_2048x204883d9.png]
[bigon-6.myshopify.com/cdn/shop/products/2683d9.png]
[bigon-6.myshopify.com/cdn/shop/products/30_65800dc0-c86d-4fa6-a89b-ff72ffb51d8083d9.png]
[bigon-6.myshopify.com/cdn/shop/products/24_63418e70-df3b-4615-ba6b-e1de9b1e237b83d9.png]
[bigon-6.myshopify.com/products/apple-watch-series-6.html]
[bigon-6.myshopify.com/cdn/shop/products/23_2048x2048f058.png]
[bigon-6.myshopify.com/cdn/shop/products/30_2048x2048f058.png]
[bigon-6.myshopify.com/cdn/shop/products/23f058.png]
[bigon-6.myshopify.com/cdn/shop/products/30f058.png]
[bigon-6.myshopify.com/cdn/shop/products/245227.png]
[bigon-6.myshopify.com/products/apple-watch-series-4.html]
[bigon-6.myshopify.com/cdn/shop/products/28_d5a63083-c7ef-4909-8ac6-6a76ef35cfae_180x6058.png]
[bigon-6.myshopify.com/cdn/shop/products/28_d5a63083-c7ef-4909-8ac6-6a76ef35cfae_grande6058.png]
[bigon-6.myshopify.com/cdn/shop/products/29_ac493aff-5c05-465b-b996-0ad24093cb4a_grande6058.png]
[bigon-6.myshopify.com/cdn/shop/products/24_76420093-07fc-490e-bdbd-38c71a4d8016_grande6058.png]
[bigon-6.myshopify.com/products/watch-gold-series-4.oembed]
[bigon-6.myshopify.com/cdn/shop/products/24_76420093-07fc-490e-bdbd-38c71a4d8016_1024x10246058.png]
[bigon-6.myshopify.com/cdn/shop/products/24_76420093-07fc-490e-bdbd-38c71a4d8016_300x3006058.png]
[bigon-6.myshopify.com/cdn/shop/products/29_ac493aff-5c05-465b-b996-0ad24093cb4a_1024x10246058.png]
[bigon-6.myshopify.com/cdn/shop/products/29_ac493aff-5c05-465b-b996-0ad24093cb4a_300x3006058.png]
[bigon-6.myshopify.com/cdn/shop/products/28_d5a63083-c7ef-4909-8ac6-6a76ef35cfae_1024x10246058.png]
[bigon-6.myshopify.com/cdn/shop/products/28_d5a63083-c7ef-4909-8ac6-6a76ef35cfae_300x3006058.png]
[bigon-6.myshopify.com/cdn/shop/products/30_e3bb98b5-994a-4a99-8949-bee82cd5c1fd_1024x10246058.png]
[bigon-6.myshopify.com/cdn/shop/products/30_e3bb98b5-994a-4a99-8949-bee82cd5c1fd_300x3006058.png]
[bigon-6.myshopify.com/cdn/shop/products/24_76420093-07fc-490e-bdbd-38c71a4d8016_compact6058.png]
[bigon-6.myshopify.com/cdn/shop/products/29_ac493aff-5c05-465b-b996-0ad24093cb4a_compact6058.png]
[bigon-6.myshopify.com/cdn/shop/products/28_d5a63083-c7ef-4909-8ac6-6a76ef35cfae_compact6058.png]
[bigon-6.myshopify.com/cdn/shop/products/30_e3bb98b5-994a-4a99-8949-bee82cd5c1fd_compact6058.png]
[bigon-6.myshopify.com/cdn/shop/products/28_d5a63083-c7ef-4909-8ac6-6a76ef35cfae_100x100_crop_center6058.png]
[bigon-6.myshopify.com/cdn/shop/products/30_e3bb98b5-994a-4a99-8949-bee82cd5c1fd_100x100_crop_center6058.png]
[bigon-6.myshopify.com/cdn/shop/products/24_76420093-07fc-490e-bdbd-38c71a4d8016_100x100_crop_center6058.png]
[bigon-6.myshopify.com/products/watch-gold-series-4.html]
[bigon-6.myshopify.com/cdn/shop/products/28_b79dc524-d48e-404d-8384-0358251f2d03_180x8a35.png]
[bigon-6.myshopify.com/cdn/shop/products/30_e46e05e8-ad4f-43fa-8147-ec6f5f11339e_grande8a35.png]
[bigon-6.myshopify.com/cdn/shop/products/28_b79dc524-d48e-404d-8384-0358251f2d03_grande8a35.png]
[bigon-6.myshopify.com/cdn/shop/products/29_3969ab5c-333c-4712-bc11-c1e60510367d_grande8a35.png]
[bigon-6.myshopify.com/products/new-watch-series-black.oembed]
[bigon-6.myshopify.com/cdn/shop/products/29_3969ab5c-333c-4712-bc11-c1e60510367d_1024x10248a35.png]
[bigon-6.myshopify.com/cdn/shop/products/29_3969ab5c-333c-4712-bc11-c1e60510367d_300x3008a35.png]
[bigon-6.myshopify.com/cdn/shop/products/28_b79dc524-d48e-404d-8384-0358251f2d03_1024x10248a35.png]
[bigon-6.myshopify.com/cdn/shop/products/28_b79dc524-d48e-404d-8384-0358251f2d03_300x3008a35.png]
[bigon-6.myshopify.com/cdn/shop/products/30_e46e05e8-ad4f-43fa-8147-ec6f5f11339e_1024x10248a35.png]
[bigon-6.myshopify.com/cdn/shop/products/30_e46e05e8-ad4f-43fa-8147-ec6f5f11339e_300x3008a35.png]
[bigon-6.myshopify.com/cdn/shop/products/24_1c6926ff-a4b5-4231-be3e-74a0c5fbe1be_1024x10248a35.png]
[bigon-6.myshopify.com/cdn/shop/products/24_1c6926ff-a4b5-4231-be3e-74a0c5fbe1be_300x3008a35.png]
[bigon-6.myshopify.com/cdn/shop/products/29_3969ab5c-333c-4712-bc11-c1e60510367d_compact8a35.png]
[bigon-6.myshopify.com/cdn/shop/products/28_b79dc524-d48e-404d-8384-0358251f2d03_compact8a35.png]
[bigon-6.myshopify.com/cdn/shop/products/30_e46e05e8-ad4f-43fa-8147-ec6f5f11339e_compact8a35.png]
[bigon-6.myshopify.com/cdn/shop/products/24_1c6926ff-a4b5-4231-be3e-74a0c5fbe1be_compact8a35.png]
[bigon-6.myshopify.com/cdn/shop/products/28_b79dc524-d48e-404d-8384-0358251f2d03_100x100_crop_center8a35.png]
[bigon-6.myshopify.com/cdn/shop/products/30_e46e05e8-ad4f-43fa-8147-ec6f5f11339e_100x100_crop_center8a35.png]
[bigon-6.myshopify.com/cdn/shop/products/24_1c6926ff-a4b5-4231-be3e-74a0c5fbe1be_100x100_crop_center8a35.png]
[bigon-6.myshopify.com/products/new-watch-series-black.html]
[bigon-6.myshopify.com/blogs/news.atom]
[bigon-6.myshopify.com/blogs/GET]
[bigon-6.myshopify.com/blogs/POST]
[bigon-6.myshopify.com/blogs/news/temporibus-autem-quibusdam-1.html]
[bigon-6.myshopify.com/cdn/shop/articles/b3a_100x120_crop_bottom5364.jpg]
[bigon-6.myshopify.com/blogs/news/the-standard-chunk-of-lorem-ipsum-used-since-1.html]
[bigon-6.myshopify.com/cdn/shop/articles/b5_100x120_crop_bottom6477.jpg]
[bigon-6.myshopify.com/blogs/news/it-is-a-long-established-fact-that-a-reader-will-1.html]
[bigon-6.myshopify.com/cdn/shop/articles/b1_100x120_crop_bottomcc7b.jpg]
[bigon-6.myshopify.com/blogs/news/tagged/bestselling.html]
[bigon-6.myshopify.com/blogs/news/tagged/chair.html]
[bigon-6.myshopify.com/blogs/news/tagged/collection.html]
[bigon-6.myshopify.com/blogs/news/tagged/door.html]
[bigon-6.myshopify.com/blogs/news/tagged/dress.html]
[bigon-6.myshopify.com/blogs/news/tagged/fashion.html]
[bigon-6.myshopify.com/blogs/news/tagged/men.html]
[bigon-6.myshopify.com/blogs/news/tagged/style.html]
[bigon-6.myshopify.com/blogs/news/tagged/table.html]
[bigon-6.myshopify.com/blogs/news/tagged/waredrop.html]
[bigon-6.myshopify.com/cdn/shop/articles/b3a_1170x5005364.jpg]
[bigon-6.myshopify.com/cdn/shop/articles/b5_1170x5006477.jpg]
[bigon-6.myshopify.com/cdn/shop/articles/b1_1170x500cc7b.jpg]
[bigon-6.myshopify.com/blogs/news/it-is-a-long-established-fact-that-a-reader-will.html]
[bigon-6.myshopify.com/cdn/shop/articles/b2_1170x500cbde.jpg]
[bigon-6.myshopify.com/blogs/news.html]
[bigon-6.myshopify.com/pages/faq.html]
[bigon-6.myshopify.com/cdn/shop/t/4/assets/revolution-slider6fcc.js]
[bigon-6.myshopify.com/cdn/shop/t/4/assets/revolution-sliderec34.css]
[bigon-6.myshopify.com/cdn/shop/t/4/assets/dummy8f5d.png]
[bigon-6.myshopify.com/cdn/fonts/work_sans/worksans_n6.136d99375282ffb6ea8c3dc4a8fe189c7be691b25c60.woff2]
[bigon-6.myshopify.com/cdn/fonts/work_sans/worksans_n6.399ae4c4dd52d38e3f3214ec0cc9c61a0a67ea08ff38.woff]
[bigon-6.myshopify.com/pages/shipping-policy.html]
[bigon-6.myshopify.com/account/login4236.html]
[bigon-6.myshopify.com/pages/size-chart.html]
[bigon-6.myshopify.com/pages/contact.html]
[bigon-6.myshopify.com/collections/all.atom]
[bigon-6.myshopify.com/collections/all4658.html]
[bigon-6.myshopify.com/ga/collections/all.html]
[bigon-6.myshopify.com/cdn/shop/products/11_d3e15457-5b9f-4725-8fac-fa285cf9d1a8_2048x2048f4a3.jpg]
[bigon-6.myshopify.com/cdn/shop/products/10_be085b07-ef8f-43f7-af92-e43f2d993243_2048x2048f4a3.jpg]
[bigon-6.myshopify.com/cdn/shop/products/11_d3e15457-5b9f-4725-8fac-fa285cf9d1a8f4a3.jpg]
[bigon-6.myshopify.com/cdn/shop/products/12_72f3f906-f5f9-40b6-8c07-55598e1427adb83a.jpg]
[bigon-6.myshopify.com/cdn/shop/products/10_be085b07-ef8f-43f7-af92-e43f2d993243f4a3.jpg]
[bigon-6.myshopify.com/cdn/shop/t/4/assets/isotope.min286d.js]
[bigon-6.myshopify.com/collections/all.html]
[bigon-6.myshopify.com/cdn/shop/t/6/assets/fontawesome-webfont3e6e.svg]
[bigon-6.myshopify.com/cdn/shop/t/6/assets/ionicons28b5.svg]
[bigon-6.myshopify.com/cdn/shop/t/6/assets/themify9f24.svg]
[bigon-6.myshopify.com/cdn/shop/t/6/assets/owl.video.play.html]
[bigon-6.myshopify.com/cdn/shop/t/6/img/banner/m13-bg1.html]
[bigon-6.myshopify.com/cdn/shop/t/6/img/icons/button-play.html]
[cdn.shopify.com/shopifycloud/checkout-web/assets/app.baseline.en.2483ab18e44f887608e3.css]
[bigon-6.myshopify.com/ga/GET]
[bigon-6.myshopify.com/ga/POST]
[bigon-6.myshopify.com/cdn/shop/files/ss1_copy_2048x2048ab83.jpg]
[bigon-6.myshopify.com/cdn/shop/files/ss2_copy_2048x204881d2.jpg]
[bigon-6.myshopify.com/cdn/shop/files/ss3_copy_2048x2048094d.jpg]
[bigon-6.myshopify.com/cdn/shop/files/erer689e.jpg]
[bigon-6.myshopify.com/ga/products/apple-watch-series-5.html]
[bigon-6.myshopify.com/ga/products/apple-watch-series-6-gold.html]
[bigon-6.myshopify.com/ga/products/apple-watch-series-6.html]
[bigon-6.myshopify.com/cdn/shop/t/4/assets/jquery.countdown.min7e48.js]
[bigon-6.myshopify.com/ga/index.html]
[bigon-6.myshopify.com/ga/account/GET]
[bigon-6.myshopify.com/ga/account/POST]
[bigon-6.myshopify.com/ga/account/login.html]
[bigon-6.myshopify.com/ga/account/register.html]
[bigon-6.myshopify.com/ga/collections/macbook.atom]
[bigon-6.myshopify.com/ga/collections/macbook.oembed]
[bigon-6.myshopify.com/ga/collections/GET]
[bigon-6.myshopify.com/ga/collections/POST]
[bigon-6.myshopify.com/ga/collections/apple-ipad.html]
[bigon-6.myshopify.com/ga/collections/apple-watch.html]
[bigon-6.myshopify.com/ga/collections/macbook/products/apple-macbook-pro-16-inch.html]
[bigon-6.myshopify.com/ga/collections/macbook/products/macbook-pro-13-with-m1.html]
[bigon-6.myshopify.com/ga/collections/macbook/products/macbook-air-with-m1.html]
[bigon-6.myshopify.com/ga/collections/macbook.html]
[bigon-6.myshopify.com/ga/products/macbook-air-with-m1.oembed]
[bigon-6.myshopify.com/ga/products/GET]
[bigon-6.myshopify.com/ga/products/POST]
[bigon-6.myshopify.com/ga/products/macbook-air-with-m1.html]
[bigon-6.myshopify.com/ga/products/macbook-pro-13-with-m1.oembed]
[bigon-6.myshopify.com/ga/products/macbook-pro-13-with-m1.html]
[bigon-6.myshopify.com/ga/collections/iphone.atom]
[bigon-6.myshopify.com/ga/collections/iphone.oembed]
[bigon-6.myshopify.com/ga/collections/iphone/products/apple-iphone-13-pro.html]
[bigon-6.myshopify.com/ga/collections/iphone/products/apple-iphone-12-pro.html]
[bigon-6.myshopify.com/ga/collections/iphone/products/apple-iphone-13-mini.html]
[bigon-6.myshopify.com/ga/collections/iphone/products/apple-iphone-12.html]
[bigon-6.myshopify.com/ga/collections/iphone.html]
[bigon-6.myshopify.com/ga/products/apple-iphone-12.oembed]
[bigon-6.myshopify.com/ga/products/apple-iphone-12.html]
[bigon-6.myshopify.com/ga/products/apple-iphone-13-mini.oembed]
[bigon-6.myshopify.com/ga/products/apple-iphone-13-mini.html]
[bigon-6.myshopify.com/ga/products/apple-ipad-pro-11-inch.oembed]
[bigon-6.myshopify.com/ga/products/apple-ipad-pro-11-inch.html]
[bigon-6.myshopify.com/ga/products/apple-iphone-13-pro.oembed]
[bigon-6.myshopify.com/ga/products/apple-iphone-13-pro.html]
[bigon-6.myshopify.com/ga/products/apple-iphone-12-pro.oembed]
[bigon-6.myshopify.com/ga/products/apple-iphone-12-pro.html]
[bigon-6.myshopify.com/ga/products/apple-iphone-13.oembed]
[bigon-6.myshopify.com/ga/products/apple-iphone-13.html]
[bigon-6.myshopify.com/ga/cart.html]
[bigon-6.myshopify.com/ga/products/ipad-air-2020-12-9-inch.oembed]
[bigon-6.myshopify.com/ga/products/ipad-air-2020-12-9-inch.html]
[bigon-6.myshopify.com/ga/products/apple-ipad-pro-12-9-inch.oembed]
[bigon-6.myshopify.com/ga/products/apple-ipad-pro-12-9-inch.html]
[bigon-6.myshopify.com/ga/products/apple-macbook-pro-16-inch.oembed]
[bigon-6.myshopify.com/ga/products/apple-macbook-pro-16-inch.html]
[bigon-6.myshopify.com/ga/products/apple-watch-series-4.oembed]
[bigon-6.myshopify.com/ga/products/apple-watch-series-4.html]
[bigon-6.myshopify.com/ga/products/watch-gold-series-4.oembed]
[bigon-6.myshopify.com/ga/products/watch-gold-series-4.html]
[bigon-6.myshopify.com/ga/products/new-watch-series-black.oembed]
[bigon-6.myshopify.com/ga/products/new-watch-series-black.html]
[bigon-6.myshopify.com/ga/blogs/news.atom]
[bigon-6.myshopify.com/ga/blogs/GET]
[bigon-6.myshopify.com/ga/blogs/POST]
[bigon-6.myshopify.com/ga/blogs/news/temporibus-autem-quibusdam-1.html]
[bigon-6.myshopify.com/ga/blogs/news/the-standard-chunk-of-lorem-ipsum-used-since-1.html]
[bigon-6.myshopify.com/ga/blogs/news/it-is-a-long-established-fact-that-a-reader-will-1.html]
[bigon-6.myshopify.com/ga/blogs/news/tagged/bestselling.html]
[bigon-6.myshopify.com/ga/blogs/news/tagged/chair.html]
[bigon-6.myshopify.com/ga/blogs/news/tagged/collection.html]
[bigon-6.myshopify.com/ga/blogs/news/tagged/door.html]
[bigon-6.myshopify.com/ga/blogs/news/tagged/dress.html]
[bigon-6.myshopify.com/ga/blogs/news/tagged/fashion.html]
[bigon-6.myshopify.com/ga/blogs/news/tagged/men.html]
[bigon-6.myshopify.com/ga/blogs/news/tagged/style.html]
[bigon-6.myshopify.com/ga/blogs/news/tagged/table.html]
[bigon-6.myshopify.com/ga/blogs/news/tagged/waredrop.html]
[bigon-6.myshopify.com/ga/blogs/news/it-is-a-long-established-fact-that-a-reader-will.html]
[bigon-6.myshopify.com/ga/blogs/news.html]
[bigon-6.myshopify.com/ga/pages/GET]
[bigon-6.myshopify.com/ga/pages/POST]
[bigon-6.myshopify.com/ga/pages/faq.html]
[bigon-6.myshopify.com/ga/pages/shipping-policy.html]
[bigon-6.myshopify.com/ga/account/loginc01d.html]
[bigon-6.myshopify.com/ga/pages/size-chart.html]
[bigon-6.myshopify.com/ga/pages/contact.html]
[bigon-6.myshopify.com/account/GET.html]
[bigon-6.myshopify.com/account/POST.html]
[bigon-6.myshopify.com/ga/pages/wishlist.html]
[bigon-6.myshopify.com/pages/GET.html]
[bigon-6.myshopify.com/pages/POST.html]
[bigon-6.myshopify.com/collections/GET.html]
[bigon-6.myshopify.com/collections/POST.html]
[bigon-6.myshopify.com/collections/apple-ipad.atom]
[bigon-6.myshopify.com/collections/apple-ipad.oembed]
[bigon-6.myshopify.com/collections/apple-ipad/products/ipad-air-2020-12-9-inch.html]
[bigon-6.myshopify.com/collections/apple-ipad/products/apple-ipad-pro-12-9-inch.html]
[bigon-6.myshopify.com/collections/apple-ipad/products/apple-ipad-pro-11-inch.html]
[bigon-6.myshopify.com/collections/apple-ipad.html]
[bigon-6.myshopify.com/collections/apple-watch.atom]
[bigon-6.myshopify.com/collections/apple-watch.oembed]
[bigon-6.myshopify.com/collections/apple-watch/products/apple-watch-series-4.html]
[bigon-6.myshopify.com/collections/apple-watch/products/watch-gold-series-4.html]
[bigon-6.myshopify.com/collections/apple-watch/products/new-watch-series-black.html]
[bigon-6.myshopify.com/collections/apple-watch/products/apple-watch-series-5.html]
[bigon-6.myshopify.com/collections/apple-watch/products/apple-watch-series-6-gold.html]
[bigon-6.myshopify.com/collections/apple-watch/products/apple-watch-series-6.html]
[bigon-6.myshopify.com/collections/apple-watch.html]
[bigon-6.myshopify.com/collections/macbook/products/GET]
[bigon-6.myshopify.com/collections/macbook/products/POST]
[bigon-6.myshopify.com/collections/macbook/products/apple-macbook-pro-16-inch.html]
[bigon-6.myshopify.com/collections/macbook/products/macbook-pro-13-with-m1.html]
[bigon-6.myshopify.com/collections/macbook/products/macbook-air-with-m1.html]
[bigon-6.myshopify.com/cdn/shop/t/5/assets/fontawesome-webfont3e6e.eot]
[bigon-6.myshopify.com/cdn/shop/t/5/assets/fontawesome-webfontd41d.eot]
[bigon-6.myshopify.com/cdn/shop/t/5/assets/fontawesome-webfont3e6e.woff2]
[bigon-6.myshopify.com/cdn/shop/t/5/assets/fontawesome-webfont3e6e.woff]
[bigon-6.myshopify.com/cdn/shop/t/5/assets/fontawesome-webfont3e6e.ttf]
[bigon-6.myshopify.com/cdn/shop/t/5/assets/fontawesome-webfont3e6e.svg]
[bigon-6.myshopify.com/cdn/shop/t/5/assets/ionicons28b5.eot]
[bigon-6.myshopify.com/cdn/shop/t/5/assets/ionicons28b5.ttf]
[bigon-6.myshopify.com/cdn/shop/t/5/assets/ionicons28b5.woff]
[bigon-6.myshopify.com/cdn/shop/t/5/assets/ionicons28b5.svg]
[bigon-6.myshopify.com/cdn/shop/t/5/assets/themify9f24.eot]
[bigon-6.myshopify.com/cdn/shop/t/5/assets/themifyd41d.eot]
[bigon-6.myshopify.com/cdn/shop/t/5/assets/themify9f24.woff]
[bigon-6.myshopify.com/cdn/shop/t/5/assets/themify9f24.ttf]
[bigon-6.myshopify.com/cdn/shop/t/5/assets/themify9f24.svg]
[bigon-6.myshopify.com/cdn/shop/t/5/assets/owl.video.play.png]
[bigon-6.myshopify.com/cdn/shop/t/5/assets/plugins9918.css]
[bigon-6.myshopify.com/cdn/shop/t/5/assets/slick.minfdb9.css]
[bigon-6.myshopify.com/cdn/shop/t/5/assets/qcv-arrow-down.png]
[bigon-6.myshopify.com/cdn/shop/t/5/img/banner/m13-bg1.jpg]
[bigon-6.myshopify.com/cdn/shop/t/5/img/icons/button-play.png]
[bigon-6.myshopify.com/cdn/shop/t/5/assets/style.min98c3.css]
[bigon-6.myshopify.com/cdn/shop/t/5/assets/theme-settingsf10e.css]
[bigon-6.myshopify.com/cdn/shop/t/5/assets/fancyAPP.minc9ce.css]
[bigon-6.myshopify.com/products/GET.html]
[bigon-6.myshopify.com/products/POST.html]
[bigon-6.myshopify.com/cdn/shop/t/5/assets/accordion-module3791.css]
[bigon-6.myshopify.com/cdn/s/global/social/shopify-social.eot]
[bigon-6.myshopify.com/cdn/s/global/social/shopify-sociald41d.eot]
[bigon-6.myshopify.com/cdn/s/global/social/shopify-social.woff]
[bigon-6.myshopify.com/cdn/s/global/social/shopify-social.ttf]
[bigon-6.myshopify.com/cdn/s/global/social/social-icons.css]
[pinterest.com/pin/create/button/index774e.html]
[bigon-6.myshopify.com/cdn/shop/t/5/assets/ajax_loader74f2.svg]
[pinterest.com/pin/create/button/index8810.html]
[bigon-6.myshopify.com/cdn/s/global/social/shopify-social.svg]
[bigon-6.myshopify.com/collections/iphone/products/GET]
[bigon-6.myshopify.com/collections/iphone/products/POST]
[bigon-6.myshopify.com/collections/iphone/products/apple-iphone-13-pro.html]
[bigon-6.myshopify.com/collections/iphone/products/apple-iphone-12-pro.html]
[bigon-6.myshopify.com/collections/iphone/products/apple-iphone-13-mini.html]
[bigon-6.myshopify.com/collections/iphone/products/apple-iphone-12.html]
[pinterest.com/pin/create/button/indexff67.html]
[pinterest.com/pin/create/button/indexd8e5.html]
[pinterest.com/pin/create/button/indexd955.html]
[pinterest.com/pin/create/button/indexf6c6.html]
[pinterest.com/pin/create/button/indexc56c.html]
[pinterest.com/pin/create/button/index77ea.html]
[bigon-6.myshopify.com/cdn/shop/t/4/assets/magnific.min0c83.css]
[bigon-6.myshopify.com/ga/pages/about.html]
[bigon-6.myshopify.com/cdn/shop/files/41336-80186-000-lead-White-City-xle3c0.jpg]
[bigon-6.myshopify.com/cdn/shop/t/4/assets/jquery.magnific.minfac8.js]
[bigon-6.myshopify.com/pages/about.html]
[bigon-6.myshopify.com/cdn/shop/t/4/assets/fontawesome-webfont3e6e.eot]
[bigon-6.myshopify.com/cdn/shop/t/4/assets/fontawesome-webfontd41d.eot]
[bigon-6.myshopify.com/cdn/shop/t/4/assets/fontawesome-webfont3e6e.woff2]
[bigon-6.myshopify.com/cdn/shop/t/4/assets/fontawesome-webfont3e6e.woff]
[bigon-6.myshopify.com/cdn/shop/t/4/assets/fontawesome-webfont3e6e.ttf]
[bigon-6.myshopify.com/cdn/shop/t/4/assets/fontawesome-webfont3e6e.svg]
[bigon-6.myshopify.com/cdn/shop/t/4/assets/ionicons28b5.eot]
[bigon-6.myshopify.com/cdn/shop/t/4/assets/ionicons28b5.ttf]
[bigon-6.myshopify.com/cdn/shop/t/4/assets/ionicons28b5.woff]
[bigon-6.myshopify.com/cdn/shop/t/4/assets/ionicons28b5.svg]
[bigon-6.myshopify.com/cdn/shop/t/4/assets/themify9f24.eot]
[bigon-6.myshopify.com/cdn/shop/t/4/assets/themifyd41d.eot]
[bigon-6.myshopify.com/cdn/shop/t/4/assets/themify9f24.woff]
[bigon-6.myshopify.com/cdn/shop/t/4/assets/themify9f24.ttf]
[bigon-6.myshopify.com/cdn/shop/t/4/assets/themify9f24.svg]
[bigon-6.myshopify.com/cdn/shop/t/4/assets/owl.video.play.png]
[bigon-6.myshopify.com/cdn/shop/t/4/assets/plugins5f5f.css]
[bigon-6.myshopify.com/cdn/shop/t/4/assets/slick.mine37b.css]
[bigon-6.myshopify.com/cdn/shop/t/4/assets/qcv-arrow-down.png]
[bigon-6.myshopify.com/cdn/shop/t/4/img/banner/m13-bg1.jpg]
[bigon-6.myshopify.com/cdn/shop/t/4/img/icons/button-play.png]
[bigon-6.myshopify.com/cdn/shop/t/4/assets/style.min2c5f.css]
[bigon-6.myshopify.com/cdn/shop/t/4/assets/theme-settings4114.css]
[bigon-6.myshopify.com/cdn/shop/t/4/assets/fancyAPP.mina59d.css]
[bigon-6.myshopify.com/cdn/shop/t/4/assets/accordion-modulefaf6.css]
[pinterest.com/pin/create/button/index9739.html]
[bigon-6.myshopify.com/cdn/shop/t/4/assets/ajax_loader7686.svg]
[pinterest.com/pin/create/button/index751f.html]
[pinterest.com/pin/create/button/index8429.html]
[pinterest.com/pin/create/button/index5a78.html]
[bigon-6.myshopify.com/cdn/shop/products/28_180xe7aa.png]
[bigon-6.myshopify.com/cdn/shop/products/24_7d0a2864-fb44-40d2-a557-19b992a82b91_grandee7aa.png]
[bigon-6.myshopify.com/cdn/shop/products/30_36b460e7-db63-4a6d-af3c-1eab7c3d27be_grandee7aa.png]
[bigon-6.myshopify.com/cdn/shop/products/28_grandee7aa.png]
[bigon-6.myshopify.com/products/apple-watch-series-5.oembed]
[bigon-6.myshopify.com/cdn/shop/products/28_1024x1024e7aa.png]
[bigon-6.myshopify.com/cdn/shop/products/28_300x300e7aa.png]
[bigon-6.myshopify.com/cdn/shop/products/30_36b460e7-db63-4a6d-af3c-1eab7c3d27be_1024x1024e7aa.png]
[bigon-6.myshopify.com/cdn/shop/products/30_36b460e7-db63-4a6d-af3c-1eab7c3d27be_300x300e7aa.png]
[bigon-6.myshopify.com/cdn/shop/products/24_7d0a2864-fb44-40d2-a557-19b992a82b91_1024x1024e7aa.png]
[bigon-6.myshopify.com/cdn/shop/products/24_7d0a2864-fb44-40d2-a557-19b992a82b91_300x300e7aa.png]
[bigon-6.myshopify.com/cdn/shop/products/29_fe367684-a56e-44f7-9ae3-43b1a9ca175d_1024x1024e7aa.png]
[bigon-6.myshopify.com/cdn/shop/products/29_fe367684-a56e-44f7-9ae3-43b1a9ca175d_300x300e7aa.png]
[bigon-6.myshopify.com/cdn/shop/products/28_compacte7aa.png]
[bigon-6.myshopify.com/cdn/shop/products/30_36b460e7-db63-4a6d-af3c-1eab7c3d27be_compacte7aa.png]
[bigon-6.myshopify.com/cdn/shop/products/24_7d0a2864-fb44-40d2-a557-19b992a82b91_compacte7aa.png]
[bigon-6.myshopify.com/cdn/shop/products/29_fe367684-a56e-44f7-9ae3-43b1a9ca175d_compacte7aa.png]
[bigon-6.myshopify.com/cdn/shop/products/28_100x100_crop_centere7aa.png]
[bigon-6.myshopify.com/cdn/shop/products/30_36b460e7-db63-4a6d-af3c-1eab7c3d27be_100x100_crop_centere7aa.png]
[bigon-6.myshopify.com/cdn/shop/products/24_7d0a2864-fb44-40d2-a557-19b992a82b91_100x100_crop_centere7aa.png]
[bigon-6.myshopify.com/products/apple-watch-series-5.html]
[bigon-6.myshopify.com/cdn/shop/products/26_180x83d9.png]
[bigon-6.myshopify.com/cdn/shop/products/24_63418e70-df3b-4615-ba6b-e1de9b1e237b_grande83d9.png]
[bigon-6.myshopify.com/cdn/shop/products/30_65800dc0-c86d-4fa6-a89b-ff72ffb51d80_grande83d9.png]
[bigon-6.myshopify.com/cdn/shop/products/26_grande83d9.png]
[bigon-6.myshopify.com/products/apple-watch-series-6-gold.oembed]
[bigon-6.myshopify.com/cdn/shop/products/26_1024x102483d9.png]
[bigon-6.myshopify.com/cdn/shop/products/26_300x30083d9.png]
[bigon-6.myshopify.com/cdn/shop/products/30_65800dc0-c86d-4fa6-a89b-ff72ffb51d80_1024x102483d9.png]
[bigon-6.myshopify.com/cdn/shop/products/30_65800dc0-c86d-4fa6-a89b-ff72ffb51d80_300x30083d9.png]
[bigon-6.myshopify.com/cdn/shop/products/24_63418e70-df3b-4615-ba6b-e1de9b1e237b_1024x102483d9.png]
[bigon-6.myshopify.com/cdn/shop/products/24_63418e70-df3b-4615-ba6b-e1de9b1e237b_300x30083d9.png]
[bigon-6.myshopify.com/cdn/shop/products/29_e48e0789-d307-43d1-837a-5f8766aec9a5_1024x102483d9.png]
[bigon-6.myshopify.com/cdn/shop/products/29_e48e0789-d307-43d1-837a-5f8766aec9a5_300x30083d9.png]
[bigon-6.myshopify.com/cdn/shop/products/26_compact83d9.png]
[bigon-6.myshopify.com/cdn/shop/products/30_65800dc0-c86d-4fa6-a89b-ff72ffb51d80_compact83d9.png]
[bigon-6.myshopify.com/cdn/shop/products/24_63418e70-df3b-4615-ba6b-e1de9b1e237b_compact83d9.png]
[bigon-6.myshopify.com/cdn/shop/products/29_e48e0789-d307-43d1-837a-5f8766aec9a5_compact83d9.png]
[bigon-6.myshopify.com/cdn/shop/products/26_100x100_crop_center83d9.png]
[bigon-6.myshopify.com/cdn/shop/products/30_65800dc0-c86d-4fa6-a89b-ff72ffb51d80_100x100_crop_center83d9.png]
[bigon-6.myshopify.com/cdn/shop/products/24_63418e70-df3b-4615-ba6b-e1de9b1e237b_100x100_crop_center83d9.png]
[bigon-6.myshopify.com/products/apple-watch-series-6-gold.html]
[bigon-6.myshopify.com/cdn/shop/products/23_180xf058.png]
[bigon-6.myshopify.com/cdn/shop/products/24_grande5227.png]
[bigon-6.myshopify.com/cdn/shop/products/30_grandef058.png]
[bigon-6.myshopify.com/cdn/shop/products/23_grandef058.png]
[bigon-6.myshopify.com/products/apple-watch-series-6.oembed]
[bigon-6.myshopify.com/cdn/shop/products/23_1024x1024f058.png]
[bigon-6.myshopify.com/cdn/shop/products/23_300x300f058.png]
[bigon-6.myshopify.com/cdn/shop/products/30_1024x1024f058.png]
[bigon-6.myshopify.com/cdn/shop/products/30_300x300f058.png]
[bigon-6.myshopify.com/cdn/shop/products/24_1024x10245227.png]
[bigon-6.myshopify.com/cdn/shop/products/24_300x3005227.png]
[bigon-6.myshopify.com/cdn/shop/products/29_1024x1024d0bb.png]
[bigon-6.myshopify.com/cdn/shop/products/29_300x300d0bb.png]
[bigon-6.myshopify.com/cdn/shop/products/23_compactf058.png]
[bigon-6.myshopify.com/cdn/shop/products/30_compactf058.png]
[bigon-6.myshopify.com/cdn/shop/products/24_compact5227.png]
[bigon-6.myshopify.com/cdn/shop/products/29_compactd0bb.png]
[bigon-6.myshopify.com/cdn/shop/products/23_100x100_crop_centerf058.png]
[bigon-6.myshopify.com/cdn/shop/products/30_100x100_crop_centerf058.png]
[bigon-6.myshopify.com/cdn/shop/products/24_100x100_crop_center5227.png]
[bigon-6.myshopify.com/products/apple-watch-series-6.html]
[pinterest.com/pin/create/button/index72fd.html]
[pinterest.com/pin/create/button/indexa35c.html]
[bigon-6.myshopify.com/blogs/GET.html]
[bigon-6.myshopify.com/blogs/POST.html]
[bigon-6.myshopify.com/cdn/shop/articles/b3a_1024x10245364.jpg]
[bigon-6.myshopify.com/blogs/news/GET]
[bigon-6.myshopify.com/blogs/news/POST]
[bigon-6.myshopify.com/blogs/news/tagged/women.html]
[bigon-6.myshopify.com/blogs/news/temporibus-autem-quibusdam-1.html]
[bigon-6.myshopify.com/cdn/shop/articles/b5_1024x10246477.jpg]
[bigon-6.myshopify.com/blogs/news/the-standard-chunk-of-lorem-ipsum-used-since-1.html]
[bigon-6.myshopify.com/cdn/shop/articles/b1_1024x1024cc7b.jpg]
[bigon-6.myshopify.com/blogs/news/it-is-a-long-established-fact-that-a-reader-will-1.html]
[bigon-6.myshopify.com/blogs/news/tagged/bestselling.atom]
[bigon-6.myshopify.com/blogs/news/tagged/GET]
[bigon-6.myshopify.com/blogs/news/tagged/POST]
[bigon-6.myshopify.com/blogs/news/tagged/bestselling.html]
[bigon-6.myshopify.com/blogs/news/tagged/chair.atom]
[bigon-6.myshopify.com/blogs/news/tagged/chair.html]
[bigon-6.myshopify.com/blogs/news/tagged/collection.atom]
[bigon-6.myshopify.com/blogs/news/tagged/collection.html]
[bigon-6.myshopify.com/blogs/news/tagged/door.atom]
[bigon-6.myshopify.com/blogs/news/tagged/door.html]
[bigon-6.myshopify.com/blogs/news/tagged/dress.atom]
[bigon-6.myshopify.com/blogs/news/tagged/dress.html]
[bigon-6.myshopify.com/blogs/news/tagged/fashion.atom]
[bigon-6.myshopify.com/blogs/news/tagged/fashion.html]
[bigon-6.myshopify.com/blogs/news/tagged/men.atom]
[bigon-6.myshopify.com/blogs/news/tagged/men.html]
[bigon-6.myshopify.com/blogs/news/tagged/style.atom]
[bigon-6.myshopify.com/blogs/news/tagged/style.html]
[bigon-6.myshopify.com/blogs/news/tagged/table.atom]
[bigon-6.myshopify.com/blogs/news/tagged/table.html]
[bigon-6.myshopify.com/blogs/news/tagged/waredrop.atom]
[bigon-6.myshopify.com/blogs/news/tagged/waredrop.html]
[bigon-6.myshopify.com/cdn/shop/articles/b2_1024x1024cbde.jpg]
[bigon-6.myshopify.com/blogs/news/tagged/wood.html]
[bigon-6.myshopify.com/blogs/news/it-is-a-long-established-fact-that-a-reader-will.html]
[bigon-6.myshopify.com/cdn/shop/t/4/assets/revicons90c6.eot]
[bigon-6.myshopify.com/cdn/shop/t/4/assets/revicons90c6.woff]
[bigon-6.myshopify.com/cdn/shop/t/4/assets/revicons90c6.ttf]
[bigon-6.myshopify.com/cdn/shop/t/4/assets/revicons90c6.svg]
[bigon-6.myshopify.com/cdn/shop/t/4/assets/openhand.cur]
[bigon-6.myshopify.com/cdn/shop/t/4/assets/closedhand.cur]
[bigon-6.myshopify.com/cdn/shop/t/4/assets/gridtile.png]
[bigon-6.myshopify.com/cdn/shop/t/4/assets/gridtile_white.png]
[bigon-6.myshopify.com/cdn/shop/t/4/assets/gridtile_3x3.png]
[bigon-6.myshopify.com/cdn/shop/t/4/assets/gridtile_3x3_white.png]
[bigon-6.myshopify.com/cdn/shop/t/4/assets/coloredbg.png]
[bigon-6.myshopify.com/cdn/shop/t/4/assets/loader.gif]
[bigon-6.myshopify.com/cdn/shop/t/4/assets/revolution-sliderec34.css]
[bigon-6.myshopify.com/cdn/shop/t/4/compiled_assets/stylesb7bb.css]
[bigon-6.myshopify.com/cdn/shop/t/4/compiled_assets/scriptsb7bb.js]
[bigon-6.myshopify.com/collections/all2679.html]
[bigon-6.myshopify.com/ga/collections/all4658.html]
[bigon-6.myshopify.com/collections/all4658.html]
[bigon-6.myshopify.com/ga/collections/all.atom]
[bigon-6.myshopify.com/ga/collections/all.html]
[bigon-6.myshopify.com/ga/GET.html]
[bigon-6.myshopify.com/ga/POST.html]
[bigon-6.myshopify.com/ga/products/apple-watch-series-5.oembed]
[bigon-6.myshopify.com/ga/products/apple-watch-series-5.html]
[bigon-6.myshopify.com/ga/products/apple-watch-series-6-gold.oembed]
[bigon-6.myshopify.com/ga/products/apple-watch-series-6-gold.html]
[bigon-6.myshopify.com/ga/products/apple-watch-series-6.oembed]
[bigon-6.myshopify.com/ga/products/apple-watch-series-6.html]
[bigon-6.myshopify.com/ga/account/GET.html]
[bigon-6.myshopify.com/ga/account/POST.html]
[bigon-6.myshopify.com/ga/collections/GET.html]
[bigon-6.myshopify.com/ga/collections/POST.html]
[bigon-6.myshopify.com/ga/collections/apple-ipad.atom]
[bigon-6.myshopify.com/ga/collections/apple-ipad.oembed]
[bigon-6.myshopify.com/ga/collections/apple-ipad/products/ipad-air-2020-12-9-inch.html]
[bigon-6.myshopify.com/ga/collections/apple-ipad/products/apple-ipad-pro-12-9-inch.html]
[bigon-6.myshopify.com/ga/collections/apple-ipad/products/apple-ipad-pro-11-inch.html]
[bigon-6.myshopify.com/ga/collections/apple-ipad.html]
[bigon-6.myshopify.com/ga/collections/apple-watch.atom]
[bigon-6.myshopify.com/ga/collections/apple-watch.oembed]
[bigon-6.myshopify.com/ga/collections/apple-watch/products/apple-watch-series-4.html]
[bigon-6.myshopify.com/ga/collections/apple-watch/products/watch-gold-series-4.html]
[bigon-6.myshopify.com/ga/collections/apple-watch/products/new-watch-series-black.html]
[bigon-6.myshopify.com/ga/collections/apple-watch/products/apple-watch-series-5.html]
[bigon-6.myshopify.com/ga/collections/apple-watch/products/apple-watch-series-6-gold.html]
[bigon-6.myshopify.com/ga/collections/apple-watch/products/apple-watch-series-6.html]
[bigon-6.myshopify.com/ga/collections/apple-watch.html]
[bigon-6.myshopify.com/ga/collections/macbook/products/GET]
[bigon-6.myshopify.com/ga/collections/macbook/products/POST]
[bigon-6.myshopify.com/collections/macbook/ga/products/macbook-air-with-m1]
[bigon-6.myshopify.com/collections/macbook/ga/products/macbook-pro-13-with-m1]
[bigon-6.myshopify.com/ga/collections/macbook/products/apple-macbook-pro-16-inch.html]
[bigon-6.myshopify.com/collections/macbook/ga/products/apple-macbook-pro-16-inch]
[bigon-6.myshopify.com/ga/collections/macbook/products/macbook-pro-13-with-m1.html]
[bigon-6.myshopify.com/ga/collections/macbook/products/macbook-air-with-m1.html]
[bigon-6.myshopify.com/ga/products/GET.html]
[bigon-6.myshopify.com/ga/products/POST.html]
[pinterest.com/pin/create/button/index9020.html]
[pinterest.com/pin/create/button/index33e1.html]
[bigon-6.myshopify.com/ga/collections/iphone/products/GET]
[bigon-6.myshopify.com/ga/collections/iphone/products/POST]
[bigon-6.myshopify.com/collections/iphone/ga/products/apple-iphone-12]
[bigon-6.myshopify.com/collections/iphone/ga/products/apple-iphone-12-pro]
[bigon-6.myshopify.com/ga/collections/iphone/products/apple-iphone-13-pro.html]
[bigon-6.myshopify.com/collections/iphone/ga/products/apple-iphone-13-pro]
[bigon-6.myshopify.com/collections/iphone/ga/products/apple-iphone-13-mini]
[bigon-6.myshopify.com/ga/collections/iphone/products/apple-iphone-12-pro.html]
[bigon-6.myshopify.com/ga/collections/iphone/products/apple-iphone-13-mini.html]
[bigon-6.myshopify.com/ga/collections/iphone/products/apple-iphone-12.html]
[pinterest.com/pin/create/button/index4509.html]
[pinterest.com/pin/create/button/indexb3ef.html]
[pinterest.com/pin/create/button/indexf290.html]
[pinterest.com/pin/create/button/index09bc.html]
[pinterest.com/pin/create/button/index48e2.html]
[pinterest.com/pin/create/button/index12dd.html]
[pinterest.com/pin/create/button/index0f80.html]
[pinterest.com/pin/create/button/index1d8f.html]
[pinterest.com/pin/create/button/index1dc1.html]
[pinterest.com/pin/create/button/indexee19.html]
[pinterest.com/pin/create/button/indexe871.html]
[pinterest.com/pin/create/button/indexe32d.html]
[bigon-6.myshopify.com/ga/blogs/GET.html]
[bigon-6.myshopify.com/ga/blogs/POST.html]
[bigon-6.myshopify.com/ga/blogs/news/GET.730.delayed]
[bigon-6.myshopify.com/ga/blogs/news/POST]
[bigon-6.myshopify.com/ga/blogs/news/tagged/women.html]
[bigon-6.myshopify.com/ga/blogs/news/temporibus-autem-quibusdam-1.html]
[bigon-6.myshopify.com/ga/blogs/news/the-standard-chunk-of-lorem-ipsum-used-since-1.html]
[bigon-6.myshopify.com/ga/blogs/news/it-is-a-long-established-fact-that-a-reader-will-1.html]
[bigon-6.myshopify.com/ga/blogs/news/tagged/bestselling.atom]
[bigon-6.myshopify.com/ga/blogs/news/tagged/GET]
[bigon-6.myshopify.com/ga/blogs/news/tagged/POST]
[bigon-6.myshopify.com/ga/blogs/news/tagged/bestselling.html]
[bigon-6.myshopify.com/ga/blogs/news/tagged/chair.atom]
[bigon-6.myshopify.com/ga/blogs/news/tagged/chair.html]
[bigon-6.myshopify.com/ga/blogs/news/tagged/collection.atom]
[bigon-6.myshopify.com/ga/blogs/news/tagged/collection.html]
[bigon-6.myshopify.com/ga/blogs/news/tagged/door.atom]
[bigon-6.myshopify.com/ga/blogs/news/tagged/door.html]
[bigon-6.myshopify.com/ga/blogs/news/tagged/dress.atom]
[bigon-6.myshopify.com/ga/blogs/news/tagged/dress.html]
[bigon-6.myshopify.com/ga/blogs/news/tagged/fashion.atom]
[bigon-6.myshopify.com/ga/blogs/news/tagged/fashion.html]
[bigon-6.myshopify.com/ga/blogs/news/tagged/men.atom]
[bigon-6.myshopify.com/ga/blogs/news/tagged/men.html]
[bigon-6.myshopify.com/ga/blogs/news/tagged/style.atom]
[bigon-6.myshopify.com/ga/blogs/news/tagged/style.html]
[bigon-6.myshopify.com/ga/blogs/news/tagged/table.atom]
[bigon-6.myshopify.com/ga/blogs/news/tagged/table.html]
[bigon-6.myshopify.com/ga/blogs/news/tagged/waredrop.atom]
[bigon-6.myshopify.com/ga/blogs/news/tagged/waredrop.html]
[bigon-6.myshopify.com/ga/blogs/news/tagged/wood.html]
[bigon-6.myshopify.com/ga/blogs/news/it-is-a-long-established-fact-that-a-reader-will.html]
[bigon-6.myshopify.com/ga/pages/GET.html]
[bigon-6.myshopify.com/ga/pages/POST.html]
[bigon-6.myshopify.com/collections/apple-ipad/products/GET]
[bigon-6.myshopify.com/collections/apple-ipad/products/POST]
[bigon-6.myshopify.com/collections/apple-ipad/products/ipad-air-2020-12-9-inch.html]
[bigon-6.myshopify.com/collections/apple-ipad/products/apple-ipad-pro-12-9-inch.html]
[bigon-6.myshopify.com/collections/apple-ipad/products/apple-ipad-pro-11-inch.html]
[bigon-6.myshopify.com/collections/apple-watch/products/GET]
[bigon-6.myshopify.com/collections/apple-watch/products/POST]
[bigon-6.myshopify.com/collections/apple-watch/products/apple-watch-series-4.html]
[bigon-6.myshopify.com/collections/apple-watch/products/watch-gold-series-4.html]
[bigon-6.myshopify.com/collections/apple-watch/products/new-watch-series-black.html]
[bigon-6.myshopify.com/collections/apple-watch/products/apple-watch-series-5.html]
[bigon-6.myshopify.com/collections/apple-watch/products/apple-watch-series-6-gold.html]
[bigon-6.myshopify.com/collections/apple-watch/products/apple-watch-series-6.html]
[bigon-6.myshopify.com/collections/macbook/products/GET.html]
[bigon-6.myshopify.com/collections/macbook/products/POST.html]
[bigon-6.myshopify.com/cdn/shop/t/5/assets/fontawesome-webfont3e6e.svg]
[bigon-6.myshopify.com/cdn/shop/t/5/assets/ionicons28b5.svg]
[bigon-6.myshopify.com/cdn/shop/t/5/assets/themify9f24.svg]
[bigon-6.myshopify.com/cdn/shop/t/5/assets/owl.video.play.html]
[bigon-6.myshopify.com/cdn/shop/t/5/img/banner/m13-bg1.html]
[bigon-6.myshopify.com/cdn/shop/t/5/img/icons/button-play.html]
[bigon-6.myshopify.com/cdn/s/global/social/shopify-social.svg]
[pinterest.com/pin/create/button/index2769.html]
[pinterest.com/pin/create/button/index6a46.html]
[bigon-6.myshopify.com/collections/iphone/products/GET.html]
[bigon-6.myshopify.com/collections/iphone/products/POST.html]
[bigon-6.myshopify.com/cdn/shop/t/4/assets/magnific.min0c83.css]
[bigon-6.myshopify.com/ga/pages/about.html]
[bigon-6.myshopify.com/cdn/shop/t/4/assets/fontawesome-webfont3e6e.svg]
[bigon-6.myshopify.com/cdn/shop/t/4/assets/ionicons28b5.svg]
[bigon-6.myshopify.com/cdn/shop/t/4/assets/themify9f24.svg]
[bigon-6.myshopify.com/cdn/shop/t/4/assets/owl.video.play.html]
[bigon-6.myshopify.com/cdn/shop/t/4/img/banner/m13-bg1.html]
[bigon-6.myshopify.com/cdn/shop/t/4/img/icons/button-play.html]
[pinterest.com/pin/create/button/index8a77.html]
[pinterest.com/pin/create/button/index64c3.html]
[pinterest.com/pin/create/button/indexfab8.html]
[pinterest.com/pin/create/button/index1a38.html]
[pinterest.com/pin/create/button/indexde3c.html]
[bigon-6.myshopify.com/blogs/news/GET.html]
[bigon-6.myshopify.com/blogs/news/POST.html]
[bigon-6.myshopify.com/blogs/news/tagged/women.html]
[pinterest.com/pin/create/button/index7f62.html]
[bigon-6.myshopify.com/blogs/news/tagged/women.atom]
[pinterest.com/pin/create/button/index885e.html]
[pinterest.com/pin/create/button/index3ade.html]
[bigon-6.myshopify.com/blogs/news/tagged/GET.html]
[bigon-6.myshopify.com/blogs/news/tagged/POST.html]
[bigon-6.myshopify.com/blogs/news/tagged/wood.html]
[pinterest.com/pin/create/button/index4179.html]
[bigon-6.myshopify.com/blogs/news/tagged/wood.atom]
[bigon-6.myshopify.com/cdn/shop/t/4/assets/revicons90c6.svg]
[bigon-6.myshopify.com/ga/collections/all2679.html]
[bigon-6.myshopify.com/collections/all2679.html]
[bigon-6.myshopify.com/ga/collections/all4658.html]
[pinterest.com/pin/create/button/index827d.html]
[pinterest.com/pin/create/button/indexce0d.html]
[pinterest.com/pin/create/button/indexe635.html]
[bigon-6.myshopify.com/ga/collections/apple-ipad/products/GET]
[bigon-6.myshopify.com/ga/collections/apple-ipad/products/POST]
[bigon-6.myshopify.com/collections/apple-ipad/ga/products/apple-ipad-pro-11-inch]
[bigon-6.myshopify.com/collections/apple-ipad/ga/products/apple-ipad-pro-12-9-inch]
[bigon-6.myshopify.com/ga/collections/apple-ipad/products/ipad-air-2020-12-9-inch.html]
[bigon-6.myshopify.com/collections/apple-ipad/ga/products/ipad-air-2020-12-9-inch]
[bigon-6.myshopify.com/ga/collections/apple-ipad/products/apple-ipad-pro-12-9-inch.html]
[bigon-6.myshopify.com/ga/collections/apple-ipad/products/apple-ipad-pro-11-inch.html]
[bigon-6.myshopify.com/ga/collections/apple-watch/products/GET]
[bigon-6.myshopify.com/ga/collections/apple-watch/products/POST]
[bigon-6.myshopify.com/collections/apple-watch/ga/products/apple-watch-series-6]
[bigon-6.myshopify.com/collections/apple-watch/ga/products/watch-gold-series-4]
[bigon-6.myshopify.com/ga/collections/apple-watch/products/apple-watch-series-4.html]
[bigon-6.myshopify.com/collections/apple-watch/ga/products/apple-watch-series-4]
[bigon-6.myshopify.com/collections/apple-watch/ga/products/new-watch-series-black]
[bigon-6.myshopify.com/ga/collections/apple-watch/products/watch-gold-series-4.html]
[bigon-6.myshopify.com/collections/apple-watch/ga/products/apple-watch-series-5]
[bigon-6.myshopify.com/ga/collections/apple-watch/products/new-watch-series-black.html]
[bigon-6.myshopify.com/collections/apple-watch/ga/products/apple-watch-series-6-gold]
[bigon-6.myshopify.com/ga/collections/apple-watch/products/apple-watch-series-5.html]
[bigon-6.myshopify.com/ga/collections/apple-watch/products/apple-watch-series-6-gold.html]
[bigon-6.myshopify.com/ga/collections/apple-watch/products/apple-watch-series-6.html]
[bigon-6.myshopify.com/ga/collections/macbook/products/GET.html]
[bigon-6.myshopify.com/ga/collections/macbook/products/POST.html]
[bigon-6.myshopify.com/collections/macbook/ga/products/macbook-air-with-m1.html]
[bigon-6.myshopify.com/collections/macbook/ga/products/macbook-pro-13-with-m1.html]
[bigon-6.myshopify.com/collections/macbook/ga/products/apple-macbook-pro-16-inch.html]
[bigon-6.myshopify.com/ga/collections/iphone/products/GET.html]
[bigon-6.myshopify.com/ga/collections/iphone/products/POST.html]
[bigon-6.myshopify.com/collections/iphone/ga/products/apple-iphone-12.html]
[bigon-6.myshopify.com/collections/iphone/ga/products/apple-iphone-12-pro.html]
[bigon-6.myshopify.com/collections/iphone/ga/products/apple-iphone-13-pro.html]
[bigon-6.myshopify.com/collections/iphone/ga/products/apple-iphone-13-mini.html]
[pinterest.com/pin/create/button/index771f.html]
[pinterest.com/pin/create/button/index4f5b.html]
[pinterest.com/pin/create/button/index0b6c.html]
[pinterest.com/pin/create/button/index84e1.html]
[pinterest.com/pin/create/button/index154e.html]
[pinterest.com/pin/create/button/index6945.html]
[pinterest.com/pin/create/button/index4f9a.html]
[pinterest.com/pin/create/button/index97e2.html]
[pinterest.com/pin/create/button/index41e7.html]
[pinterest.com/pin/create/button/indexd88f.html]
[bigon-6.myshopify.com/ga/blogs/news/GET.html]
[bigon-6.myshopify.com/ga/blogs/news/POST.html]
[bigon-6.myshopify.com/ga/blogs/news/tagged/women.html]
[pinterest.com/pin/create/button/index5d6c.html]
[pinterest.com/pin/create/button/index2ad8.html]
[pinterest.com/pin/create/button/indexd858.html]
[bigon-6.myshopify.com/ga/blogs/news/tagged/GET.html]
[bigon-6.myshopify.com/ga/blogs/news/tagged/POST.html]
[bigon-6.myshopify.com/ga/blogs/news/tagged/women.atom]
[bigon-6.myshopify.com/ga/blogs/news/tagged/wood.html]
[pinterest.com/pin/create/button/index4cb8.html]
[bigon-6.myshopify.com/collections/apple-ipad/products/GET.html]
[bigon-6.myshopify.com/collections/apple-ipad/products/POST.html]
[bigon-6.myshopify.com/collections/apple-watch/products/GET.html]
[bigon-6.myshopify.com/collections/apple-watch/products/POST.html]
[pinterest.com/pin/create/button/indexf318.html]
[pinterest.com/pin/create/button/index01cc.html]
[pinterest.com/pin/create/button/index5e2d.html]
[pinterest.com/pin/create/button/index5492.html]
[pinterest.com/pin/create/button/index68bd.html]
[bigon-6.myshopify.com/ga/blogs/news/tagged/wood.atom]
[pinterest.com/pin/create/button/index1c54.html]
[bigon-6.myshopify.com/ga/collections/all2679.html]
[pinterest.com/pin/create/button/index6717.html]
[pinterest.com/pin/create/button/indexb52b.html]
[bigon-6.myshopify.com/ga/collections/apple-ipad/products/GET.html]
[bigon-6.myshopify.com/ga/collections/apple-ipad/products/POST.html]
[bigon-6.myshopify.com/collections/apple-ipad/ga/products/apple-ipad-pro-11-inch.html]
[bigon-6.myshopify.com/collections/apple-ipad/ga/products/apple-ipad-pro-12-9-inch.html]
[bigon-6.myshopify.com/collections/apple-ipad/ga/products/ipad-air-2020-12-9-inch.html]
[bigon-6.myshopify.com/ga/collections/apple-watch/products/GET.html]
[bigon-6.myshopify.com/ga/collections/apple-watch/products/POST.html]
[bigon-6.myshopify.com/collections/apple-watch/ga/products/apple-watch-series-6.html]
[bigon-6.myshopify.com/collections/apple-watch/ga/products/watch-gold-series-4.html]
[bigon-6.myshopify.com/collections/apple-watch/ga/products/apple-watch-series-4.html]
[bigon-6.myshopify.com/collections/apple-watch/ga/products/new-watch-series-black.html]
[bigon-6.myshopify.com/collections/apple-watch/ga/products/apple-watch-series-5.html]
[bigon-6.myshopify.com/collections/apple-watch/ga/products/apple-watch-series-6-gold.html]
[pinterest.com/pin/create/button/index17bf.html]
[pinterest.com/pin/create/button/indexa6f2.html]
[pinterest.com/pin/create/button/indexe639.html]
[pinterest.com/pin/create/button/index3457.html]
[pinterest.com/pin/create/button/index2d41.html]
[pinterest.com/pin/create/button/index9c44.html]
[pinterest.com/pin/create/button/indexf5af.html]
[pinterest.com/pin/create/button/indexcd2a.html]
[pinterest.com/pin/create/button/index5ad2.html]
